ARM Linker, 4.1 [Build 481] [Standard]

==============================================================================

Section Cross References

    startup_stm32f10x_hd.o(RESET) refers to startup_stm32f10x_hd.o(STACK) for __initial_sp
    startup_stm32f10x_hd.o(RESET) refers to startup_stm32f10x_hd.o(.text) for Reset_Handler
    startup_stm32f10x_hd.o(RESET) refers to stm32f10x_it.o(.text) for NMI_Handler
    startup_stm32f10x_hd.o(.text) refers to system_stm32f10x.o(.text) for SystemInit
    startup_stm32f10x_hd.o(.text) refers to entry.o(.ARM.Collect$$$$00000000) for __main
    main.o(.text) refers to system_stm32f10x.o(.text) for SystemInit
    main.o(.text) refers to delay.o(.text) for delay_init
    main.o(.text) refers to gpio.o(.text) for gpio_init
    main.o(.text) refers to usart.o(.text) for usart_init
    main.o(.text) refers to iic.o(.text) for iic_init
    main.o(.text) refers to timer.o(.text) for timer_init
    main.o(.text) refers to time_test.o(.text) for TIM1_Configuration
    main.o(.text) refers to hc_sr04.o(.text) for HCSR04_Init
    main.o(.text) refers to calculate.o(.text) for motor_init
    main.o(.text) refers to mpu6050.o(.text) for mpu6050_init
    main.o(.text) refers to stm32f10x_tim.o(.text) for TIM_Cmd
    main.o(.text) refers to fflti.o(.text) for __aeabi_i2f
    main.o(.text) refers to fmul.o(.text) for __aeabi_fmul
    main.o(.text) refers to dflti.o(.text) for __aeabi_i2d
    main.o(.text) refers to sqrt.o(i.sqrt) for sqrt
    main.o(.text) refers to ddiv.o(.text) for __aeabi_ddiv
    main.o(.text) refers to atan.o(i.atan) for atan
    main.o(.text) refers to d2f.o(.text) for __aeabi_d2f
    main.o(.text) refers to f2d.o(.text) for __aeabi_f2d
    main.o(.text) refers to dmul.o(.text) for __aeabi_dmul
    main.o(.text) refers to filter.o(.text) for kalman_filter
    main.o(.text) refers to main.o(.bss) for ax_buf
    main.o(.text) refers to main.o(.data) for ax
    main.o(.text) refers to stm32f10x_it.o(.data) for time
    stm32f10x_it.o(.text) refers to stm32f10x_tim.o(.text) for TIM_GetITStatus
    stm32f10x_it.o(.text) refers to stm32f10x_gpio.o(.text) for GPIO_SetBits
    stm32f10x_it.o(.text) refers to stm32f10x_exti.o(.text) for EXTI_GetITStatus
    stm32f10x_it.o(.text) refers to stm32f10x_usart.o(.text) for USART_GetITStatus
    stm32f10x_it.o(.text) refers to stm32f10x_it.o(.data) for led_cnt
    stm32f10x_it.o(.text) refers to main.o(.data) for flg_get_senor_data
    calculate.o(.text) refers to stm32f10x_rcc.o(.text) for RCC_APB2PeriphClockCmd
    calculate.o(.text) refers to stm32f10x_gpio.o(.text) for GPIO_Init
    calculate.o(.text) refers to stm32f10x_tim.o(.text) for TIM_TimeBaseInit
    calculate.o(.text) refers to f2d.o(.text) for __aeabi_f2d
    calculate.o(.text) refers to dadd.o(.text) for __aeabi_dadd
    calculate.o(.text) refers to d2f.o(.text) for __aeabi_d2f
    calculate.o(.text) refers to main.o(.data) for Move_direcetion
    calculate.o(.text) refers to calculate.o(.data) for previous_cmd
    calculate.o(.text) refers to calculate.o(.bss) for speed_buf
    calculate.o(.text) refers to fadd.o(.text) for __aeabi_frsub
    calculate.o(.text) refers to dmul.o(.text) for __aeabi_dmul
    calculate.o(.text) refers to dflti.o(.text) for __aeabi_i2d
    calculate.o(.text) refers to cdcmple.o(.text) for __aeabi_cdcmple
    calculate.o(.text) refers to cdrcmple.o(.text) for __aeabi_cdrcmple
    calculate.o(.text) refers to fmul.o(.text) for __aeabi_fmul
    calculate.o(.text) refers to fflti.o(.text) for __aeabi_i2f
    calculate.o(.text) refers to ffixi.o(.text) for __aeabi_f2iz
    filter.o(.text) refers to fadd.o(.text) for __aeabi_fsub
    filter.o(.text) refers to fmul.o(.text) for __aeabi_fmul
    filter.o(.text) refers to fdiv.o(.text) for __aeabi_fdiv
    filter.o(.text) refers to filter.o(.data) for q_bias
    filter.o(.text) refers to filter.o(.bss) for Pdot
    iic.o(.text) refers to stm32f10x_rcc.o(.text) for RCC_APB1PeriphClockCmd
    iic.o(.text) refers to stm32f10x_gpio.o(.text) for GPIO_Init
    iic.o(.text) refers to stm32f10x_i2c.o(.text) for I2C_DeInit
    mpu6050.o(.text) refers to iic.o(.text) for iic_rw
    timer.o(.text) refers to misc.o(.text) for NVIC_Init
    timer.o(.text) refers to stm32f10x_rcc.o(.text) for RCC_APB1PeriphClockCmd
    timer.o(.text) refers to stm32f10x_tim.o(.text) for TIM_TimeBaseInit
    usart.o(.text) refers to misc.o(.text) for NVIC_PriorityGroupConfig
    usart.o(.text) refers to stm32f10x_rcc.o(.text) for RCC_APB2PeriphClockCmd
    usart.o(.text) refers to stm32f10x_gpio.o(.text) for GPIO_Init
    usart.o(.text) refers to stm32f10x_usart.o(.text) for USART_Init
    gpio.o(.text) refers to stm32f10x_rcc.o(.text) for RCC_APB2PeriphClockCmd
    gpio.o(.text) refers to stm32f10x_gpio.o(.text) for GPIO_Init
    delay.o(.text) refers to misc.o(.text) for SysTick_CLKSourceConfig
    delay.o(.text) refers to delay.o(.data) for fac_us
    hc_sr04.o(.text) refers to misc.o(.text) for NVIC_PriorityGroupConfig
    hc_sr04.o(.text) refers to stm32f10x_rcc.o(.text) for RCC_APB2PeriphClockCmd
    hc_sr04.o(.text) refers to stm32f10x_gpio.o(.text) for GPIO_Init
    hc_sr04.o(.text) refers to stm32f10x_exti.o(.text) for EXTI_Init
    hc_sr04.o(.text) refers to main.o(.text) for servopulse
    hc_sr04.o(.text) refers to delay.o(.text) for delay_us
    hc_sr04.o(.text) refers to main.o(.data) for Duoji_direction
    hc_sr04.o(.text) refers to hc_sr04.o(.data) for Last_direction
    hc_sr04.o(.text) refers to stm32f10x_it.o(.data) for duoji_flag
    time_test.o(.text) refers to misc.o(.text) for NVIC_PriorityGroupConfig
    time_test.o(.text) refers to stm32f10x_rcc.o(.text) for RCC_APB2PeriphClockCmd
    time_test.o(.text) refers to stm32f10x_tim.o(.text) for TIM_DeInit
    stm32f10x_adc.o(.text) refers to stm32f10x_rcc.o(.text) for RCC_APB2PeriphResetCmd
    stm32f10x_bkp.o(.text) refers to stm32f10x_rcc.o(.text) for RCC_BackupResetCmd
    stm32f10x_can.o(.text) refers to stm32f10x_rcc.o(.text) for RCC_APB1PeriphResetCmd
    stm32f10x_cec.o(.text) refers to stm32f10x_rcc.o(.text) for RCC_APB1PeriphResetCmd
    stm32f10x_dac.o(.text) refers to stm32f10x_rcc.o(.text) for RCC_APB1PeriphResetCmd
    stm32f10x_gpio.o(.text) refers to stm32f10x_rcc.o(.text) for RCC_APB2PeriphResetCmd
    stm32f10x_i2c.o(.text) refers to stm32f10x_rcc.o(.text) for RCC_APB1PeriphResetCmd
    stm32f10x_pwr.o(.text) refers to stm32f10x_rcc.o(.text) for RCC_APB1PeriphResetCmd
    stm32f10x_rcc.o(.text) refers to stm32f10x_rcc.o(.data) for APBAHBPrescTable
    stm32f10x_spi.o(.text) refers to stm32f10x_rcc.o(.text) for RCC_APB2PeriphResetCmd
    stm32f10x_tim.o(.text) refers to stm32f10x_rcc.o(.text) for RCC_APB2PeriphResetCmd
    stm32f10x_usart.o(.text) refers to stm32f10x_rcc.o(.text) for RCC_APB2PeriphResetCmd
    stm32f10x_wwdg.o(.text) refers to stm32f10x_rcc.o(.text) for RCC_APB1PeriphResetCmd
    system_stm32f10x.o(.text) refers to system_stm32f10x.o(.data) for SystemCoreClock
    atan.o(i.__softfp_atan) refers (Special) to iusefp.o(.text) for __I$use$fp
    atan.o(i.__softfp_atan) refers to atan.o(i.atan) for atan
    atan.o(i.atan) refers (Special) to iusefp.o(.text) for __I$use$fp
    atan.o(i.atan) refers to dscalb.o(.text) for scalbn
    atan.o(i.atan) refers to fpclassify.o(i.__ARM_fpclassify) for __ARM_fpclassify
    atan.o(i.atan) refers to dunder.o(i.__mathlib_dbl_underflow) for __mathlib_dbl_underflow
    atan.o(i.atan) refers to dadd.o(.text) for __aeabi_dadd
    atan.o(i.atan) refers to ddiv.o(.text) for __aeabi_ddiv
    atan.o(i.atan) refers to dmul.o(.text) for __aeabi_dmul
    atan.o(i.atan) refers to poly.o(i.__kernel_poly) for __kernel_poly
    atan.o(i.atan) refers to atan.o(.constdata) for .constdata
    atan.o(.constdata) refers (Special) to iusefp.o(.text) for __I$use$fp
    atan_x.o(i.____softfp_atan$lsc) refers (Special) to iusefp.o(.text) for __I$use$fp
    atan_x.o(i.____softfp_atan$lsc) refers to atan_x.o(i.__atan$lsc) for __atan$lsc
    atan_x.o(i.__atan$lsc) refers (Special) to iusefp.o(.text) for __I$use$fp
    atan_x.o(i.__atan$lsc) refers to dscalb.o(.text) for scalbn
    atan_x.o(i.__atan$lsc) refers to dadd.o(.text) for __aeabi_dadd
    atan_x.o(i.__atan$lsc) refers to ddiv.o(.text) for __aeabi_ddiv
    atan_x.o(i.__atan$lsc) refers to dmul.o(.text) for __aeabi_dmul
    atan_x.o(i.__atan$lsc) refers to poly.o(i.__kernel_poly) for __kernel_poly
    atan_x.o(i.__atan$lsc) refers to atan_x.o(.constdata) for .constdata
    atan_x.o(.constdata) refers (Special) to iusefp.o(.text) for __I$use$fp
    sqrt.o(i.__softfp_sqrt) refers (Special) to iusefp.o(.text) for __I$use$fp
    sqrt.o(i.__softfp_sqrt) refers to dsqrt.o(.text) for _dsqrt
    sqrt.o(i.__softfp_sqrt) refers to errno.o(i.__set_errno) for __set_errno
    sqrt.o(i.sqrt) refers (Special) to iusefp.o(.text) for __I$use$fp
    sqrt.o(i.sqrt) refers to dsqrt.o(.text) for _dsqrt
    sqrt.o(i.sqrt) refers to errno.o(i.__set_errno) for __set_errno
    sqrt_x.o(i.____softfp_sqrt$lsc) refers (Special) to iusefp.o(.text) for __I$use$fp
    sqrt_x.o(i.____softfp_sqrt$lsc) refers to cdcmple.o(.text) for __aeabi_cdcmple
    sqrt_x.o(i.____softfp_sqrt$lsc) refers to errno.o(i.__set_errno) for __set_errno
    sqrt_x.o(i.____softfp_sqrt$lsc) refers to dsqrt.o(.text) for _dsqrt
    sqrt_x.o(i.__sqrt$lsc) refers (Special) to iusefp.o(.text) for __I$use$fp
    sqrt_x.o(i.__sqrt$lsc) refers to cdcmple.o(.text) for __aeabi_cdcmple
    sqrt_x.o(i.__sqrt$lsc) refers to errno.o(i.__set_errno) for __set_errno
    sqrt_x.o(i.__sqrt$lsc) refers to dsqrt.o(.text) for _dsqrt
    entry.o(.ARM.Collect$$$$00000000) refers (Special) to entry7.o(.ARM.Collect$$$$00000007) for _main_init
    entry.o(.ARM.Collect$$$$00000000) refers (Special) to entry5.o(.ARM.Collect$$$$00000004) for _main_scatterload
    entry.o(.ARM.Collect$$$$00000000) refers (Special) to entry2.o(.ARM.Collect$$$$00000001) for _main_stk
    fadd.o(.text) refers (Special) to iusefp.o(.text) for __I$use$fp
    fadd.o(.text) refers to fepilogue.o(.text) for _float_epilogue
    fmul.o(.text) refers (Special) to iusefp.o(.text) for __I$use$fp
    fdiv.o(.text) refers (Special) to iusefp.o(.text) for __I$use$fp
    fdiv.o(.text) refers to fepilogue.o(.text) for _float_round
    dadd.o(.text) refers (Special) to iusefp.o(.text) for __I$use$fp
    dadd.o(.text) refers to llshl.o(.text) for __aeabi_llsl
    dadd.o(.text) refers to llsshr.o(.text) for __aeabi_lasr
    dadd.o(.text) refers to depilogue.o(.text) for _double_epilogue
    dmul.o(.text) refers (Special) to iusefp.o(.text) for __I$use$fp
    dmul.o(.text) refers to depilogue.o(.text) for _double_epilogue
    ddiv.o(.text) refers (Special) to iusefp.o(.text) for __I$use$fp
    ddiv.o(.text) refers to depilogue.o(.text) for _double_round
    fflti.o(.text) refers (Special) to iusefp.o(.text) for __I$use$fp
    fflti.o(.text) refers to fepilogue.o(.text) for _float_epilogue
    dflti.o(.text) refers (Special) to iusefp.o(.text) for __I$use$fp
    dflti.o(.text) refers to depilogue.o(.text) for _double_epilogue
    ffixi.o(.text) refers (Special) to iusefp.o(.text) for __I$use$fp
    f2d.o(.text) refers (Special) to iusefp.o(.text) for __I$use$fp
    cdcmple.o(.text) refers (Special) to iusefp.o(.text) for __I$use$fp
    cdrcmple.o(.text) refers (Special) to iusefp.o(.text) for __I$use$fp
    d2f.o(.text) refers (Special) to iusefp.o(.text) for __I$use$fp
    d2f.o(.text) refers to fepilogue.o(.text) for _float_round
    dunder.o(i.__mathlib_dbl_underflow) refers to dscalb.o(.text) for scalbn
    fpclassify.o(i.__ARM_fpclassify) refers (Special) to iusefp.o(.text) for __I$use$fp
    poly.o(i.__kernel_poly) refers (Special) to iusefp.o(.text) for __I$use$fp
    poly.o(i.__kernel_poly) refers to dmul.o(.text) for __aeabi_dmul
    poly.o(i.__kernel_poly) refers to dadd.o(.text) for __aeabi_dadd
    entry2.o(.ARM.Collect$$$$00000001) refers to entry2.o(.ARM.Collect$$$$00002712) for __lit__00000000
    entry2.o(.ARM.Collect$$$$00002712) refers to startup_stm32f10x_hd.o(STACK) for __initial_sp
    entry2.o(__vectab_stack_and_reset_area) refers to startup_stm32f10x_hd.o(STACK) for __initial_sp
    entry2.o(__vectab_stack_and_reset_area) refers to entry.o(.ARM.Collect$$$$00000000) for __main
    entry5.o(.ARM.Collect$$$$00000004) refers to init.o(.text) for __scatterload
    entry7.o(.ARM.Collect$$$$00000007) refers to main.o(.text) for main
    errno.o(i.__aeabi_errno_addr) refers to errno.o(.data) for .data
    errno.o(i.__read_errno) refers to errno.o(.data) for .data
    errno.o(i.__set_errno) refers to errno.o(.data) for .data
    depilogue.o(.text) refers to llshl.o(.text) for __aeabi_llsl
    depilogue.o(.text) refers to llushr.o(.text) for __aeabi_llsr
    dsqrt.o(.text) refers to llushr.o(.text) for __aeabi_llsr
    dsqrt.o(.text) refers to depilogue.o(.text) for _double_round
    init.o(.text) refers to entry5.o(.ARM.Collect$$$$00000004) for __main_after_scatterload


==============================================================================

Removing Unused input sections from the image.

    Removing startup_stm32f10x_hd.o(HEAP), (512 bytes).
    Removing filter.o(.constdata), (17 bytes).
    Removing stm32f10x_adc.o(.text), (1088 bytes).
    Removing stm32f10x_bkp.o(.text), (196 bytes).
    Removing stm32f10x_can.o(.text), (2580 bytes).
    Removing stm32f10x_cec.o(.text), (312 bytes).
    Removing stm32f10x_crc.o(.text), (72 bytes).
    Removing stm32f10x_dac.o(.text), (424 bytes).
    Removing stm32f10x_dbgmcu.o(.text), (48 bytes).
    Removing stm32f10x_dma.o(.text), (584 bytes).
    Removing stm32f10x_flash.o(.text), (1480 bytes).
    Removing stm32f10x_fsmc.o(.text), (1560 bytes).
    Removing stm32f10x_iwdg.o(.text), (64 bytes).
    Removing stm32f10x_pwr.o(.text), (216 bytes).
    Removing stm32f10x_rtc.o(.text), (376 bytes).
    Removing stm32f10x_sdio.o(.text), (472 bytes).
    Removing stm32f10x_spi.o(.text), (784 bytes).
    Removing stm32f10x_wwdg.o(.text), (136 bytes).
    Removing core_cm3.o(.emb_text), (32 bytes).

19 unused section(s) (total 10953 bytes) removed from the image.

==============================================================================

Image Symbol Table

    Local Symbols

    Symbol Name                              Value     Ov Type        Size  Object(Section)

    ../../atan.c                             0x00000000   Number         0  atan_x.o ABSOLUTE
    ../../atan.c                             0x00000000   Number         0  atan.o ABSOLUTE
    ../../dunder.c                           0x00000000   Number         0  dunder.o ABSOLUTE
    ../../fpclassify.c                       0x00000000   Number         0  fpclassify.o ABSOLUTE
    ../../microlib/d2f.c                     0x00000000   Number         0  d2f.o ABSOLUTE
    ../../microlib/errno.c                   0x00000000   Number         0  errno.o ABSOLUTE
    ../../microlib/f2d.c                     0x00000000   Number         0  f2d.o ABSOLUTE
    ../../microlib/fpadd.c                   0x00000000   Number         0  dadd.o ABSOLUTE
    ../../microlib/fpadd.c                   0x00000000   Number         0  fadd.o ABSOLUTE
    ../../microlib/fpdiv.c                   0x00000000   Number         0  ddiv.o ABSOLUTE
    ../../microlib/fpdiv.c                   0x00000000   Number         0  fdiv.o ABSOLUTE
    ../../microlib/fpepilogue.c              0x00000000   Number         0  depilogue.o ABSOLUTE
    ../../microlib/fpepilogue.c              0x00000000   Number         0  fepilogue.o ABSOLUTE
    ../../microlib/fpfix.c                   0x00000000   Number         0  ffixi.o ABSOLUTE
    ../../microlib/fpflt.c                   0x00000000   Number         0  fflti.o ABSOLUTE
    ../../microlib/fpflt.c                   0x00000000   Number         0  dflti.o ABSOLUTE
    ../../microlib/fpmul.c                   0x00000000   Number         0  dmul.o ABSOLUTE
    ../../microlib/fpmul.c                   0x00000000   Number         0  fmul.o ABSOLUTE
    ../../microlib/fpscalb.c                 0x00000000   Number         0  dscalb.o ABSOLUTE
    ../../microlib/fpsqrt.c                  0x00000000   Number         0  dsqrt.o ABSOLUTE
    ../../microlib/init/entry.s              0x00000000   Number         0  entry.o ABSOLUTE
    ../../microlib/init/entry.s              0x00000000   Number         0  entry7.o ABSOLUTE
    ../../microlib/init/entry.s              0x00000000   Number         0  entry2.o ABSOLUTE
    ../../microlib/init/entry.s              0x00000000   Number         0  entry5.o ABSOLUTE
    ../../microlib/longlong.c                0x00000000   Number         0  llushr.o ABSOLUTE
    ../../microlib/longlong.c                0x00000000   Number         0  llsshr.o ABSOLUTE
    ../../microlib/longlong.c                0x00000000   Number         0  llshl.o ABSOLUTE
    ../../microlib/stubs.s                   0x00000000   Number         0  iusefp.o ABSOLUTE
    ../../poly.c                             0x00000000   Number         0  poly.o ABSOLUTE
    ../../sqrt.c                             0x00000000   Number         0  sqrt.o ABSOLUTE
    ../../sqrt.c                             0x00000000   Number         0  sqrt_x.o ABSOLUTE
    ..\CMSIS\core_cm3.c                      0x00000000   Number         0  core_cm3.o ABSOLUTE
    ..\CMSIS\startup\startup_stm32f10x_hd.s  0x00000000   Number         0  startup_stm32f10x_hd.o ABSOLUTE
    ..\CMSIS\system_stm32f10x.c              0x00000000   Number         0  system_stm32f10x.o ABSOLUTE
    ..\FWlib\src\misc.c                      0x00000000   Number         0  misc.o ABSOLUTE
    ..\FWlib\src\stm32f10x_adc.c             0x00000000   Number         0  stm32f10x_adc.o ABSOLUTE
    ..\FWlib\src\stm32f10x_bkp.c             0x00000000   Number         0  stm32f10x_bkp.o ABSOLUTE
    ..\FWlib\src\stm32f10x_can.c             0x00000000   Number         0  stm32f10x_can.o ABSOLUTE
    ..\FWlib\src\stm32f10x_cec.c             0x00000000   Number         0  stm32f10x_cec.o ABSOLUTE
    ..\FWlib\src\stm32f10x_crc.c             0x00000000   Number         0  stm32f10x_crc.o ABSOLUTE
    ..\FWlib\src\stm32f10x_dac.c             0x00000000   Number         0  stm32f10x_dac.o ABSOLUTE
    ..\FWlib\src\stm32f10x_dbgmcu.c          0x00000000   Number         0  stm32f10x_dbgmcu.o ABSOLUTE
    ..\FWlib\src\stm32f10x_dma.c             0x00000000   Number         0  stm32f10x_dma.o ABSOLUTE
    ..\FWlib\src\stm32f10x_exti.c            0x00000000   Number         0  stm32f10x_exti.o ABSOLUTE
    ..\FWlib\src\stm32f10x_flash.c           0x00000000   Number         0  stm32f10x_flash.o ABSOLUTE
    ..\FWlib\src\stm32f10x_fsmc.c            0x00000000   Number         0  stm32f10x_fsmc.o ABSOLUTE
    ..\FWlib\src\stm32f10x_gpio.c            0x00000000   Number         0  stm32f10x_gpio.o ABSOLUTE
    ..\FWlib\src\stm32f10x_i2c.c             0x00000000   Number         0  stm32f10x_i2c.o ABSOLUTE
    ..\FWlib\src\stm32f10x_iwdg.c            0x00000000   Number         0  stm32f10x_iwdg.o ABSOLUTE
    ..\FWlib\src\stm32f10x_pwr.c             0x00000000   Number         0  stm32f10x_pwr.o ABSOLUTE
    ..\FWlib\src\stm32f10x_rcc.c             0x00000000   Number         0  stm32f10x_rcc.o ABSOLUTE
    ..\FWlib\src\stm32f10x_rtc.c             0x00000000   Number         0  stm32f10x_rtc.o ABSOLUTE
    ..\FWlib\src\stm32f10x_sdio.c            0x00000000   Number         0  stm32f10x_sdio.o ABSOLUTE
    ..\FWlib\src\stm32f10x_spi.c             0x00000000   Number         0  stm32f10x_spi.o ABSOLUTE
    ..\FWlib\src\stm32f10x_tim.c             0x00000000   Number         0  stm32f10x_tim.o ABSOLUTE
    ..\FWlib\src\stm32f10x_usart.c           0x00000000   Number         0  stm32f10x_usart.o ABSOLUTE
    ..\FWlib\src\stm32f10x_wwdg.c            0x00000000   Number         0  stm32f10x_wwdg.o ABSOLUTE
    ..\\CMSIS\\core_cm3.c                    0x00000000   Number         0  core_cm3.o ABSOLUTE
    HC_SR04.c                                0x00000000   Number         0  hc_sr04.o ABSOLUTE
    Time_test.c                              0x00000000   Number         0  time_test.o ABSOLUTE
    calculate.c                              0x00000000   Number         0  calculate.o ABSOLUTE
    cdcmple.s                                0x00000000   Number         0  cdcmple.o ABSOLUTE
    cdrcmple.s                               0x00000000   Number         0  cdrcmple.o ABSOLUTE
    dc.s                                     0x00000000   Number         0  dc.o ABSOLUTE
    delay.c                                  0x00000000   Number         0  delay.o ABSOLUTE
    filter.c                                 0x00000000   Number         0  filter.o ABSOLUTE
    gpio.c                                   0x00000000   Number         0  gpio.o ABSOLUTE
    handlers.s                               0x00000000   Number         0  handlers.o ABSOLUTE
    iic.c                                    0x00000000   Number         0  iic.o ABSOLUTE
    init.s                                   0x00000000   Number         0  init.o ABSOLUTE
    main.c                                   0x00000000   Number         0  main.o ABSOLUTE
    mpu6050.c                                0x00000000   Number         0  mpu6050.o ABSOLUTE
    stm32f10x_it.c                           0x00000000   Number         0  stm32f10x_it.o ABSOLUTE
    timer.c                                  0x00000000   Number         0  timer.o ABSOLUTE
    usart.c                                  0x00000000   Number         0  usart.o ABSOLUTE
    RESET                                    0x08000000   Section      304  startup_stm32f10x_hd.o(RESET)
    .ARM.Collect$$$$00000000                 0x08000130   Section        0  entry.o(.ARM.Collect$$$$00000000)
    .ARM.Collect$$$$00000001                 0x08000130   Section        4  entry2.o(.ARM.Collect$$$$00000001)
    .ARM.Collect$$$$00000004                 0x08000134   Section        4  entry5.o(.ARM.Collect$$$$00000004)
    .ARM.Collect$$$$00000007                 0x08000138   Section        8  entry7.o(.ARM.Collect$$$$00000007)
    .ARM.Collect$$$$00002712                 0x08000140   Section        4  entry2.o(.ARM.Collect$$$$00002712)
    __lit__00000000                          0x08000140   Data           4  entry2.o(.ARM.Collect$$$$00002712)
    .text                                    0x08000144   Section       36  startup_stm32f10x_hd.o(.text)
    .text                                    0x08000168   Section        0  main.o(.text)
    .text                                    0x08000490   Section        0  stm32f10x_it.o(.text)
    .text                                    0x080006a0   Section        0  calculate.o(.text)
    .text                                    0x08000e3c   Section        0  filter.o(.text)
    .text                                    0x08001084   Section        0  iic.o(.text)
    .text                                    0x08001230   Section        0  mpu6050.o(.text)
    .text                                    0x08001368   Section        0  timer.o(.text)
    .text                                    0x080013c8   Section        0  usart.o(.text)
    itoa                                     0x080015d9   Thumb Code    98  usart.o(.text)
    .text                                    0x0800174c   Section        0  gpio.o(.text)
    .text                                    0x08001780   Section        0  delay.o(.text)
    .text                                    0x0800181c   Section        0  hc_sr04.o(.text)
    NVIC_Configuration                       0x0800181d   Thumb Code    40  hc_sr04.o(.text)
    .text                                    0x0800198c   Section        0  time_test.o(.text)
    .text                                    0x08001a0c   Section        0  misc.o(.text)
    .text                                    0x08001b04   Section        0  stm32f10x_exti.o(.text)
    .text                                    0x08001c40   Section        0  stm32f10x_gpio.o(.text)
    .text                                    0x08001f98   Section        0  stm32f10x_i2c.o(.text)
    .text                                    0x08002388   Section        0  stm32f10x_rcc.o(.text)
    .text                                    0x0800272c   Section        0  stm32f10x_tim.o(.text)
    TI4_Config                               0x08002bb5   Thumb Code   118  stm32f10x_tim.o(.text)
    TI3_Config                               0x08002c3d   Thumb Code   114  stm32f10x_tim.o(.text)
    TI2_Config                               0x08002cc5   Thumb Code   118  stm32f10x_tim.o(.text)
    TI1_Config                               0x08002d4d   Thumb Code   106  stm32f10x_tim.o(.text)
    .text                                    0x080034dc   Section        0  stm32f10x_usart.o(.text)
    .text                                    0x080038e8   Section        0  system_stm32f10x.o(.text)
    SetSysClockTo72                          0x080038e9   Thumb Code   192  system_stm32f10x.o(.text)
    SetSysClock                              0x080039a9   Thumb Code     8  system_stm32f10x.o(.text)
    .text                                    0x08003ab0   Section        0  fadd.o(.text)
    .text                                    0x08003b60   Section        0  fmul.o(.text)
    .text                                    0x08003bcc   Section        0  fdiv.o(.text)
    .text                                    0x08003c4c   Section        0  dadd.o(.text)
    .text                                    0x08003d96   Section        0  dmul.o(.text)
    .text                                    0x08003e78   Section        0  ddiv.o(.text)
    .text                                    0x08003f56   Section        0  fflti.o(.text)
    .text                                    0x08003f68   Section        0  dflti.o(.text)
    .text                                    0x08003f8a   Section        0  ffixi.o(.text)
    .text                                    0x08003fbc   Section        0  f2d.o(.text)
    .text                                    0x08003fe8   Section       40  cdcmple.o(.text)
    .text                                    0x08004010   Section       40  cdrcmple.o(.text)
    .text                                    0x08004038   Section        0  d2f.o(.text)
    .text                                    0x08004070   Section        0  llshl.o(.text)
    .text                                    0x0800408e   Section        0  llsshr.o(.text)
    .text                                    0x080040b2   Section        0  fepilogue.o(.text)
    .text                                    0x080040b2   Section        0  iusefp.o(.text)
    .text                                    0x08004122   Section        0  depilogue.o(.text)
    .text                                    0x080041e4   Section        0  dscalb.o(.text)
    .text                                    0x08004212   Section        0  dsqrt.o(.text)
    .text                                    0x080042b4   Section       36  init.o(.text)
    .text                                    0x080042d8   Section        0  llushr.o(.text)
    i.__ARM_fpclassify                       0x080042f8   Section        0  fpclassify.o(i.__ARM_fpclassify)
    i.__kernel_poly                          0x08004320   Section        0  poly.o(i.__kernel_poly)
    i.__mathlib_dbl_underflow                0x080043cc   Section        0  dunder.o(i.__mathlib_dbl_underflow)
    i.__scatterload_copy                     0x080043dc   Section       14  handlers.o(i.__scatterload_copy)
    i.__scatterload_null                     0x080043ea   Section        2  handlers.o(i.__scatterload_null)
    i.__scatterload_zeroinit                 0x080043ec   Section       14  handlers.o(i.__scatterload_zeroinit)
    i.__set_errno                            0x080043fc   Section        0  errno.o(i.__set_errno)
    i.atan                                   0x08004408   Section        0  atan.o(i.atan)
    i.sqrt                                   0x0800462c   Section        0  sqrt.o(i.sqrt)
    .constdata                               0x08004678   Section      152  atan.o(.constdata)
    atanhi                                   0x08004678   Data          32  atan.o(.constdata)
    atanlo                                   0x08004698   Data          32  atan.o(.constdata)
    aTodd                                    0x080046b8   Data          40  atan.o(.constdata)
    aTeven                                   0x080046e0   Data          48  atan.o(.constdata)
    .data                                    0x20000000   Section       80  main.o(.data)
    .data                                    0x20000050   Section       13  stm32f10x_it.o(.data)
    .data                                    0x20000060   Section       64  calculate.o(.data)
    .data                                    0x200000a0   Section       60  filter.o(.data)
    P                                        0x200000a0   Data          16  filter.o(.data)
    angle                                    0x200000b0   Data           4  filter.o(.data)
    angle_dot                                0x200000b4   Data           4  filter.o(.data)
    q_bias                                   0x200000b8   Data           4  filter.o(.data)
    angle_err                                0x200000bc   Data           4  filter.o(.data)
    PCt_0                                    0x200000c0   Data           4  filter.o(.data)
    PCt_1                                    0x200000c4   Data           4  filter.o(.data)
    E                                        0x200000c8   Data           4  filter.o(.data)
    K_0                                      0x200000cc   Data           4  filter.o(.data)
    K_1                                      0x200000d0   Data           4  filter.o(.data)
    t_0                                      0x200000d4   Data           4  filter.o(.data)
    t_1                                      0x200000d8   Data           4  filter.o(.data)
    .data                                    0x200000dc   Section        4  delay.o(.data)
    fac_us                                   0x200000dc   Data           1  delay.o(.data)
    fac_ms                                   0x200000de   Data           2  delay.o(.data)
    .data                                    0x200000e0   Section        1  hc_sr04.o(.data)
    .data                                    0x200000e1   Section       20  stm32f10x_rcc.o(.data)
    APBAHBPrescTable                         0x200000e1   Data          16  stm32f10x_rcc.o(.data)
    ADCPrescTable                            0x200000f1   Data           4  stm32f10x_rcc.o(.data)
    .data                                    0x200000f8   Section       20  system_stm32f10x.o(.data)
    .data                                    0x2000010c   Section        4  errno.o(.data)
    _errno                                   0x2000010c   Data           4  errno.o(.data)
    .bss                                     0x20000110   Section      128  main.o(.bss)
    .bss                                     0x20000190   Section       40  calculate.o(.bss)
    .bss                                     0x200001b8   Section       16  filter.o(.bss)
    Pdot                                     0x200001b8   Data          16  filter.o(.bss)
    STACK                                    0x200001c8   Section     1024  startup_stm32f10x_hd.o(STACK)

    Global Symbols

    Symbol Name                              Value     Ov Type        Size  Object(Section)

    BuildAttributes$$THM_ISAv4$P$D$K$B$S$PE$A:L22UL41UL21$X:L11$S22US41US21$IEEE1$IW$USESV6$~STKCKD$USESV7$~SHL$OTIME$ROPI$IEEEX$EBA8$MICROLIB$REQ8$PRES8$EABIv2 0x00000000   Number         0  anon$$obj.o ABSOLUTE
    __ARM_use_no_argv                        0x00000000   Number         0  main.o ABSOLUTE
    __decompress                              - Undefined Weak Reference
    __Vectors_Size                           0x00000130   Number         0  startup_stm32f10x_hd.o ABSOLUTE
    __Vectors                                0x08000000   Data           4  startup_stm32f10x_hd.o(RESET)
    __Vectors_End                            0x08000130   Data           0  startup_stm32f10x_hd.o(RESET)
    __main                                   0x08000131   Thumb Code     0  entry.o(.ARM.Collect$$$$00000000)
    _main_stk                                0x08000131   Thumb Code     0  entry2.o(.ARM.Collect$$$$00000001)
    _main_scatterload                        0x08000135   Thumb Code     0  entry5.o(.ARM.Collect$$$$00000004)
    __main_after_scatterload                 0x08000139   Thumb Code     0  entry5.o(.ARM.Collect$$$$00000004)
    _main_init                               0x08000139   Thumb Code     0  entry7.o(.ARM.Collect$$$$00000007)
    Reset_Handler                            0x08000145   Thumb Code     8  startup_stm32f10x_hd.o(.text)
    ADC1_2_IRQHandler                        0x0800015f   Thumb Code     0  startup_stm32f10x_hd.o(.text)
    ADC3_IRQHandler                          0x0800015f   Thumb Code     0  startup_stm32f10x_hd.o(.text)
    CAN1_RX1_IRQHandler                      0x0800015f   Thumb Code     0  startup_stm32f10x_hd.o(.text)
    CAN1_SCE_IRQHandler                      0x0800015f   Thumb Code     0  startup_stm32f10x_hd.o(.text)
    DMA1_Channel1_IRQHandler                 0x0800015f   Thumb Code     0  startup_stm32f10x_hd.o(.text)
    DMA1_Channel2_IRQHandler                 0x0800015f   Thumb Code     0  startup_stm32f10x_hd.o(.text)
    DMA1_Channel3_IRQHandler                 0x0800015f   Thumb Code     0  startup_stm32f10x_hd.o(.text)
    DMA1_Channel4_IRQHandler                 0x0800015f   Thumb Code     0  startup_stm32f10x_hd.o(.text)
    DMA1_Channel5_IRQHandler                 0x0800015f   Thumb Code     0  startup_stm32f10x_hd.o(.text)
    DMA1_Channel6_IRQHandler                 0x0800015f   Thumb Code     0  startup_stm32f10x_hd.o(.text)
    DMA1_Channel7_IRQHandler                 0x0800015f   Thumb Code     0  startup_stm32f10x_hd.o(.text)
    DMA2_Channel1_IRQHandler                 0x0800015f   Thumb Code     0  startup_stm32f10x_hd.o(.text)
    DMA2_Channel2_IRQHandler                 0x0800015f   Thumb Code     0  startup_stm32f10x_hd.o(.text)
    DMA2_Channel3_IRQHandler                 0x0800015f   Thumb Code     0  startup_stm32f10x_hd.o(.text)
    DMA2_Channel4_5_IRQHandler               0x0800015f   Thumb Code     0  startup_stm32f10x_hd.o(.text)
    EXTI0_IRQHandler                         0x0800015f   Thumb Code     0  startup_stm32f10x_hd.o(.text)
    EXTI1_IRQHandler                         0x0800015f   Thumb Code     0  startup_stm32f10x_hd.o(.text)
    EXTI2_IRQHandler                         0x0800015f   Thumb Code     0  startup_stm32f10x_hd.o(.text)
    EXTI3_IRQHandler                         0x0800015f   Thumb Code     0  startup_stm32f10x_hd.o(.text)
    EXTI4_IRQHandler                         0x0800015f   Thumb Code     0  startup_stm32f10x_hd.o(.text)
    EXTI9_5_IRQHandler                       0x0800015f   Thumb Code     0  startup_stm32f10x_hd.o(.text)
    FLASH_IRQHandler                         0x0800015f   Thumb Code     0  startup_stm32f10x_hd.o(.text)
    FSMC_IRQHandler                          0x0800015f   Thumb Code     0  startup_stm32f10x_hd.o(.text)
    I2C1_ER_IRQHandler                       0x0800015f   Thumb Code     0  startup_stm32f10x_hd.o(.text)
    I2C1_EV_IRQHandler                       0x0800015f   Thumb Code     0  startup_stm32f10x_hd.o(.text)
    I2C2_ER_IRQHandler                       0x0800015f   Thumb Code     0  startup_stm32f10x_hd.o(.text)
    I2C2_EV_IRQHandler                       0x0800015f   Thumb Code     0  startup_stm32f10x_hd.o(.text)
    PVD_IRQHandler                           0x0800015f   Thumb Code     0  startup_stm32f10x_hd.o(.text)
    RCC_IRQHandler                           0x0800015f   Thumb Code     0  startup_stm32f10x_hd.o(.text)
    RTCAlarm_IRQHandler                      0x0800015f   Thumb Code     0  startup_stm32f10x_hd.o(.text)
    RTC_IRQHandler                           0x0800015f   Thumb Code     0  startup_stm32f10x_hd.o(.text)
    SDIO_IRQHandler                          0x0800015f   Thumb Code     0  startup_stm32f10x_hd.o(.text)
    SPI1_IRQHandler                          0x0800015f   Thumb Code     0  startup_stm32f10x_hd.o(.text)
    SPI2_IRQHandler                          0x0800015f   Thumb Code     0  startup_stm32f10x_hd.o(.text)
    SPI3_IRQHandler                          0x0800015f   Thumb Code     0  startup_stm32f10x_hd.o(.text)
    TAMPER_IRQHandler                        0x0800015f   Thumb Code     0  startup_stm32f10x_hd.o(.text)
    TIM1_BRK_IRQHandler                      0x0800015f   Thumb Code     0  startup_stm32f10x_hd.o(.text)
    TIM1_CC_IRQHandler                       0x0800015f   Thumb Code     0  startup_stm32f10x_hd.o(.text)
    TIM1_TRG_COM_IRQHandler                  0x0800015f   Thumb Code     0  startup_stm32f10x_hd.o(.text)
    TIM2_IRQHandler                          0x0800015f   Thumb Code     0  startup_stm32f10x_hd.o(.text)
    TIM4_IRQHandler                          0x0800015f   Thumb Code     0  startup_stm32f10x_hd.o(.text)
    TIM5_IRQHandler                          0x0800015f   Thumb Code     0  startup_stm32f10x_hd.o(.text)
    TIM6_IRQHandler                          0x0800015f   Thumb Code     0  startup_stm32f10x_hd.o(.text)
    TIM7_IRQHandler                          0x0800015f   Thumb Code     0  startup_stm32f10x_hd.o(.text)
    TIM8_BRK_IRQHandler                      0x0800015f   Thumb Code     0  startup_stm32f10x_hd.o(.text)
    TIM8_CC_IRQHandler                       0x0800015f   Thumb Code     0  startup_stm32f10x_hd.o(.text)
    TIM8_TRG_COM_IRQHandler                  0x0800015f   Thumb Code     0  startup_stm32f10x_hd.o(.text)
    TIM8_UP_IRQHandler                       0x0800015f   Thumb Code     0  startup_stm32f10x_hd.o(.text)
    UART4_IRQHandler                         0x0800015f   Thumb Code     0  startup_stm32f10x_hd.o(.text)
    UART5_IRQHandler                         0x0800015f   Thumb Code     0  startup_stm32f10x_hd.o(.text)
    USART1_IRQHandler                        0x0800015f   Thumb Code     0  startup_stm32f10x_hd.o(.text)
    USART3_IRQHandler                        0x0800015f   Thumb Code     0  startup_stm32f10x_hd.o(.text)
    USBWakeUp_IRQHandler                     0x0800015f   Thumb Code     0  startup_stm32f10x_hd.o(.text)
    USB_HP_CAN1_TX_IRQHandler                0x0800015f   Thumb Code     0  startup_stm32f10x_hd.o(.text)
    USB_LP_CAN1_RX0_IRQHandler               0x0800015f   Thumb Code     0  startup_stm32f10x_hd.o(.text)
    WWDG_IRQHandler                          0x0800015f   Thumb Code     0  startup_stm32f10x_hd.o(.text)
    delay                                    0x08000169   Thumb Code    10  main.o(.text)
    acc_filter                               0x08000173   Thumb Code   178  main.o(.text)
    servopulse                               0x08000225   Thumb Code     6  main.o(.text)
    main                                     0x0800022b   Thumb Code   430  main.o(.text)
    NMI_Handler                              0x08000491   Thumb Code     2  stm32f10x_it.o(.text)
    HardFault_Handler                        0x08000493   Thumb Code     4  stm32f10x_it.o(.text)
    MemManage_Handler                        0x08000497   Thumb Code     4  stm32f10x_it.o(.text)
    BusFault_Handler                         0x0800049b   Thumb Code     4  stm32f10x_it.o(.text)
    UsageFault_Handler                       0x0800049f   Thumb Code     4  stm32f10x_it.o(.text)
    SVC_Handler                              0x080004a3   Thumb Code     2  stm32f10x_it.o(.text)
    DebugMon_Handler                         0x080004a5   Thumb Code     2  stm32f10x_it.o(.text)
    PendSV_Handler                           0x080004a7   Thumb Code     2  stm32f10x_it.o(.text)
    SysTick_Handler                          0x080004a9   Thumb Code     2  stm32f10x_it.o(.text)
    TIM3_IRQHandler                          0x080004ab   Thumb Code   222  stm32f10x_it.o(.text)
    TIM1_UP_IRQHandler                       0x08000589   Thumb Code    18  stm32f10x_it.o(.text)
    EXTI15_10_IRQHandler                     0x0800059b   Thumb Code   144  stm32f10x_it.o(.text)
    USART2_IRQHandler                        0x0800062b   Thumb Code    36  stm32f10x_it.o(.text)
    motor_init                               0x080006a1   Thumb Code   398  calculate.o(.text)
    receive_parameter                        0x0800082f   Thumb Code   538  calculate.o(.text)
    speed_filter                             0x08000a49   Thumb Code   184  calculate.o(.text)
    pid                                      0x08000b01   Thumb Code   734  calculate.o(.text)
    kalman_filter                            0x08000e3d   Thumb Code   524  filter.o(.text)
    iic_init                                 0x08001085   Thumb Code   120  iic.o(.text)
    iic_rw                                   0x080010fd   Thumb Code   286  iic.o(.text)
    mpu6050_init                             0x08001231   Thumb Code   148  mpu6050.o(.text)
    mpu6050_get_data                         0x080012c5   Thumb Code   162  mpu6050.o(.text)
    timer_init                               0x08001369   Thumb Code    90  timer.o(.text)
    usart_init                               0x080013c9   Thumb Code   230  usart.o(.text)
    USART_SendChar                           0x080014af   Thumb Code    30  usart.o(.text)
    USART_SendString                         0x080014cd   Thumb Code    40  usart.o(.text)
    USART_SendStringwithEnter                0x080014f5   Thumb Code    56  usart.o(.text)
    USART_SendStringWithData                 0x0800152d   Thumb Code    90  usart.o(.text)
    USART_SendStringData                     0x08001587   Thumb Code    50  usart.o(.text)
    fputc                                    0x080015b9   Thumb Code    32  usart.o(.text)
    USART_printf                             0x0800163b   Thumb Code   262  usart.o(.text)
    gpio_init                                0x0800174d   Thumb Code    48  gpio.o(.text)
    delay_init                               0x08001781   Thumb Code    40  delay.o(.text)
    delay_ms                                 0x080017a9   Thumb Code    54  delay.o(.text)
    delay_us                                 0x080017df   Thumb Code    54  delay.o(.text)
    HCSR04_Init                              0x08001845   Thumb Code   120  hc_sr04.o(.text)
    measure_distance                         0x080018bd   Thumb Code   178  hc_sr04.o(.text)
    TIM1_NVIC_Configuration                  0x0800198d   Thumb Code    42  time_test.o(.text)
    TIM1_Configuration                       0x080019b7   Thumb Code    80  time_test.o(.text)
    NVIC_PriorityGroupConfig                 0x08001a0d   Thumb Code    10  misc.o(.text)
    NVIC_Init                                0x08001a17   Thumb Code   118  misc.o(.text)
    NVIC_SetVectorTable                      0x08001a8d   Thumb Code    12  misc.o(.text)
    NVIC_SystemLPConfig                      0x08001a99   Thumb Code    38  misc.o(.text)
    SysTick_CLKSourceConfig                  0x08001abf   Thumb Code    40  misc.o(.text)
    EXTI_DeInit                              0x08001b05   Thumb Code    30  stm32f10x_exti.o(.text)
    EXTI_Init                                0x08001b23   Thumb Code   160  stm32f10x_exti.o(.text)
    EXTI_StructInit                          0x08001bc3   Thumb Code    16  stm32f10x_exti.o(.text)
    EXTI_GenerateSWInterrupt                 0x08001bd3   Thumb Code    16  stm32f10x_exti.o(.text)
    EXTI_GetFlagStatus                       0x08001be3   Thumb Code    20  stm32f10x_exti.o(.text)
    EXTI_ClearFlag                           0x08001bf7   Thumb Code     6  stm32f10x_exti.o(.text)
    EXTI_GetITStatus                         0x08001bfd   Thumb Code    34  stm32f10x_exti.o(.text)
    EXTI_ClearITPendingBit                   0x08001c1f   Thumb Code     6  stm32f10x_exti.o(.text)
    GPIO_DeInit                              0x08001c41   Thumb Code   172  stm32f10x_gpio.o(.text)
    GPIO_AFIODeInit                          0x08001ced   Thumb Code    20  stm32f10x_gpio.o(.text)
    GPIO_Init                                0x08001d01   Thumb Code   274  stm32f10x_gpio.o(.text)
    GPIO_StructInit                          0x08001e13   Thumb Code    16  stm32f10x_gpio.o(.text)
    GPIO_ReadInputDataBit                    0x08001e23   Thumb Code    18  stm32f10x_gpio.o(.text)
    GPIO_ReadInputData                       0x08001e35   Thumb Code     8  stm32f10x_gpio.o(.text)
    GPIO_ReadOutputDataBit                   0x08001e3d   Thumb Code    18  stm32f10x_gpio.o(.text)
    GPIO_ReadOutputData                      0x08001e4f   Thumb Code     8  stm32f10x_gpio.o(.text)
    GPIO_SetBits                             0x08001e57   Thumb Code     4  stm32f10x_gpio.o(.text)
    GPIO_ResetBits                           0x08001e5b   Thumb Code     4  stm32f10x_gpio.o(.text)
    GPIO_WriteBit                            0x08001e5f   Thumb Code    10  stm32f10x_gpio.o(.text)
    GPIO_Write                               0x08001e69   Thumb Code     4  stm32f10x_gpio.o(.text)
    GPIO_PinLockConfig                       0x08001e6d   Thumb Code    18  stm32f10x_gpio.o(.text)
    GPIO_EventOutputConfig                   0x08001e7f   Thumb Code    26  stm32f10x_gpio.o(.text)
    GPIO_EventOutputCmd                      0x08001e99   Thumb Code     6  stm32f10x_gpio.o(.text)
    GPIO_PinRemapConfig                      0x08001e9f   Thumb Code   138  stm32f10x_gpio.o(.text)
    GPIO_EXTILineConfig                      0x08001f29   Thumb Code    66  stm32f10x_gpio.o(.text)
    GPIO_ETH_MediaInterfaceConfig            0x08001f6b   Thumb Code     6  stm32f10x_gpio.o(.text)
    I2C_DeInit                               0x08001f99   Thumb Code    50  stm32f10x_i2c.o(.text)
    I2C_Init                                 0x08001fcb   Thumb Code   222  stm32f10x_i2c.o(.text)
    I2C_StructInit                           0x080020a9   Thumb Code    30  stm32f10x_i2c.o(.text)
    I2C_Cmd                                  0x080020c7   Thumb Code    24  stm32f10x_i2c.o(.text)
    I2C_DMACmd                               0x080020df   Thumb Code    24  stm32f10x_i2c.o(.text)
    I2C_DMALastTransferCmd                   0x080020f7   Thumb Code    24  stm32f10x_i2c.o(.text)
    I2C_GenerateSTART                        0x0800210f   Thumb Code    24  stm32f10x_i2c.o(.text)
    I2C_GenerateSTOP                         0x08002127   Thumb Code    24  stm32f10x_i2c.o(.text)
    I2C_AcknowledgeConfig                    0x0800213f   Thumb Code    24  stm32f10x_i2c.o(.text)
    I2C_OwnAddress2Config                    0x08002157   Thumb Code    22  stm32f10x_i2c.o(.text)
    I2C_DualAddressCmd                       0x0800216d   Thumb Code    24  stm32f10x_i2c.o(.text)
    I2C_GeneralCallCmd                       0x08002185   Thumb Code    24  stm32f10x_i2c.o(.text)
    I2C_ITConfig                             0x0800219d   Thumb Code    24  stm32f10x_i2c.o(.text)
    I2C_SendData                             0x080021b5   Thumb Code     4  stm32f10x_i2c.o(.text)
    I2C_ReceiveData                          0x080021b9   Thumb Code     8  stm32f10x_i2c.o(.text)
    I2C_Send7bitAddress                      0x080021c1   Thumb Code    18  stm32f10x_i2c.o(.text)
    I2C_ReadRegister                         0x080021d3   Thumb Code    12  stm32f10x_i2c.o(.text)
    I2C_SoftwareResetCmd                     0x080021df   Thumb Code    22  stm32f10x_i2c.o(.text)
    I2C_NACKPositionConfig                   0x080021f5   Thumb Code    28  stm32f10x_i2c.o(.text)
    I2C_SMBusAlertConfig                     0x08002211   Thumb Code    28  stm32f10x_i2c.o(.text)
    I2C_TransmitPEC                          0x0800222d   Thumb Code    24  stm32f10x_i2c.o(.text)
    I2C_PECPositionConfig                    0x08002245   Thumb Code    28  stm32f10x_i2c.o(.text)
    I2C_CalculatePEC                         0x08002261   Thumb Code    24  stm32f10x_i2c.o(.text)
    I2C_GetPEC                               0x08002279   Thumb Code     8  stm32f10x_i2c.o(.text)
    I2C_ARPCmd                               0x08002281   Thumb Code    24  stm32f10x_i2c.o(.text)
    I2C_StretchClockCmd                      0x08002299   Thumb Code    24  stm32f10x_i2c.o(.text)
    I2C_FastModeDutyCycleConfig              0x080022b1   Thumb Code    28  stm32f10x_i2c.o(.text)
    I2C_CheckEvent                           0x080022cd   Thumb Code    42  stm32f10x_i2c.o(.text)
    I2C_GetLastEvent                         0x080022f7   Thumb Code    26  stm32f10x_i2c.o(.text)
    I2C_GetFlagStatus                        0x08002311   Thumb Code    42  stm32f10x_i2c.o(.text)
    I2C_ClearFlag                            0x0800233b   Thumb Code    12  stm32f10x_i2c.o(.text)
    I2C_GetITStatus                          0x08002347   Thumb Code    38  stm32f10x_i2c.o(.text)
    I2C_ClearITPendingBit                    0x0800236d   Thumb Code    12  stm32f10x_i2c.o(.text)
    RCC_DeInit                               0x08002389   Thumb Code    64  stm32f10x_rcc.o(.text)
    RCC_HSEConfig                            0x080023c9   Thumb Code    70  stm32f10x_rcc.o(.text)
    RCC_GetFlagStatus                        0x0800240f   Thumb Code    56  stm32f10x_rcc.o(.text)
    RCC_WaitForHSEStartUp                    0x08002447   Thumb Code    48  stm32f10x_rcc.o(.text)
    RCC_AdjustHSICalibrationValue            0x08002477   Thumb Code    20  stm32f10x_rcc.o(.text)
    RCC_HSICmd                               0x0800248b   Thumb Code     6  stm32f10x_rcc.o(.text)
    RCC_PLLConfig                            0x08002491   Thumb Code    24  stm32f10x_rcc.o(.text)
    RCC_PLLCmd                               0x080024a9   Thumb Code     6  stm32f10x_rcc.o(.text)
    RCC_SYSCLKConfig                         0x080024af   Thumb Code    18  stm32f10x_rcc.o(.text)
    RCC_GetSYSCLKSource                      0x080024c1   Thumb Code    10  stm32f10x_rcc.o(.text)
    RCC_HCLKConfig                           0x080024cb   Thumb Code    18  stm32f10x_rcc.o(.text)
    RCC_PCLK1Config                          0x080024dd   Thumb Code    18  stm32f10x_rcc.o(.text)
    RCC_PCLK2Config                          0x080024ef   Thumb Code    20  stm32f10x_rcc.o(.text)
    RCC_ITConfig                             0x08002503   Thumb Code    30  stm32f10x_rcc.o(.text)
    RCC_USBCLKConfig                         0x08002521   Thumb Code     6  stm32f10x_rcc.o(.text)
    RCC_ADCCLKConfig                         0x08002527   Thumb Code    18  stm32f10x_rcc.o(.text)
    RCC_LSEConfig                            0x08002539   Thumb Code    44  stm32f10x_rcc.o(.text)
    RCC_LSICmd                               0x08002565   Thumb Code     6  stm32f10x_rcc.o(.text)
    RCC_RTCCLKConfig                         0x0800256b   Thumb Code    12  stm32f10x_rcc.o(.text)
    RCC_RTCCLKCmd                            0x08002577   Thumb Code     6  stm32f10x_rcc.o(.text)
    RCC_GetClocksFreq                        0x0800257d   Thumb Code   192  stm32f10x_rcc.o(.text)
    RCC_AHBPeriphClockCmd                    0x0800263d   Thumb Code    26  stm32f10x_rcc.o(.text)
    RCC_APB2PeriphClockCmd                   0x08002657   Thumb Code    26  stm32f10x_rcc.o(.text)
    RCC_APB1PeriphClockCmd                   0x08002671   Thumb Code    26  stm32f10x_rcc.o(.text)
    RCC_APB2PeriphResetCmd                   0x0800268b   Thumb Code    26  stm32f10x_rcc.o(.text)
    RCC_APB1PeriphResetCmd                   0x080026a5   Thumb Code    26  stm32f10x_rcc.o(.text)
    RCC_BackupResetCmd                       0x080026bf   Thumb Code     6  stm32f10x_rcc.o(.text)
    RCC_ClockSecuritySystemCmd               0x080026c5   Thumb Code     6  stm32f10x_rcc.o(.text)
    RCC_MCOConfig                            0x080026cb   Thumb Code     6  stm32f10x_rcc.o(.text)
    RCC_ClearFlag                            0x080026d1   Thumb Code    14  stm32f10x_rcc.o(.text)
    RCC_GetITStatus                          0x080026df   Thumb Code    20  stm32f10x_rcc.o(.text)
    RCC_ClearITPendingBit                    0x080026f3   Thumb Code     6  stm32f10x_rcc.o(.text)
    TIM_DeInit                               0x0800272d   Thumb Code   424  stm32f10x_tim.o(.text)
    TIM_TimeBaseInit                         0x080028d5   Thumb Code   122  stm32f10x_tim.o(.text)
    TIM_OC1Init                              0x0800294f   Thumb Code   132  stm32f10x_tim.o(.text)
    TIM_OC2Init                              0x080029d3   Thumb Code   146  stm32f10x_tim.o(.text)
    TIM_OC3Init                              0x08002a65   Thumb Code   142  stm32f10x_tim.o(.text)
    TIM_OC4Init                              0x08002af3   Thumb Code   172  stm32f10x_tim.o(.text)
    TIM_SetIC4Prescaler                      0x08002b9f   Thumb Code    22  stm32f10x_tim.o(.text)
    TIM_SetIC3Prescaler                      0x08002c2b   Thumb Code    18  stm32f10x_tim.o(.text)
    TIM_SetIC2Prescaler                      0x08002caf   Thumb Code    22  stm32f10x_tim.o(.text)
    TIM_SetIC1Prescaler                      0x08002d3b   Thumb Code    18  stm32f10x_tim.o(.text)
    TIM_ICInit                               0x08002db7   Thumb Code   150  stm32f10x_tim.o(.text)
    TIM_PWMIConfig                           0x08002e4d   Thumb Code   124  stm32f10x_tim.o(.text)
    TIM_BDTRConfig                           0x08002ec9   Thumb Code    32  stm32f10x_tim.o(.text)
    TIM_TimeBaseStructInit                   0x08002ee9   Thumb Code    18  stm32f10x_tim.o(.text)
    TIM_OCStructInit                         0x08002efb   Thumb Code    20  stm32f10x_tim.o(.text)
    TIM_ICStructInit                         0x08002f0f   Thumb Code    18  stm32f10x_tim.o(.text)
    TIM_BDTRStructInit                       0x08002f21   Thumb Code    18  stm32f10x_tim.o(.text)
    TIM_Cmd                                  0x08002f33   Thumb Code    24  stm32f10x_tim.o(.text)
    TIM_CtrlPWMOutputs                       0x08002f4b   Thumb Code    52  stm32f10x_tim.o(.text)
    TIM_ITConfig                             0x08002f7f   Thumb Code    24  stm32f10x_tim.o(.text)
    TIM_GenerateEvent                        0x08002f97   Thumb Code     4  stm32f10x_tim.o(.text)
    TIM_DMAConfig                            0x08002f9b   Thumb Code    10  stm32f10x_tim.o(.text)
    TIM_DMACmd                               0x08002fa5   Thumb Code    24  stm32f10x_tim.o(.text)
    TIM_InternalClockConfig                  0x08002fbd   Thumb Code    12  stm32f10x_tim.o(.text)
    TIM_SelectInputTrigger                   0x08002fc9   Thumb Code    18  stm32f10x_tim.o(.text)
    TIM_ITRxExternalClockConfig              0x08002fdb   Thumb Code    24  stm32f10x_tim.o(.text)
    TIM_TIxExternalClockConfig               0x08002ff3   Thumb Code    62  stm32f10x_tim.o(.text)
    TIM_ETRConfig                            0x08003031   Thumb Code    24  stm32f10x_tim.o(.text)
    TIM_ETRClockMode1Config                  0x08003049   Thumb Code    54  stm32f10x_tim.o(.text)
    TIM_ETRClockMode2Config                  0x0800307f   Thumb Code    32  stm32f10x_tim.o(.text)
    TIM_PrescalerConfig                      0x0800309f   Thumb Code     6  stm32f10x_tim.o(.text)
    TIM_CounterModeConfig                    0x080030a5   Thumb Code    18  stm32f10x_tim.o(.text)
    TIM_EncoderInterfaceConfig               0x080030b7   Thumb Code    62  stm32f10x_tim.o(.text)
    TIM_ForcedOC1Config                      0x080030f5   Thumb Code    18  stm32f10x_tim.o(.text)
    TIM_ForcedOC2Config                      0x08003107   Thumb Code    22  stm32f10x_tim.o(.text)
    TIM_ForcedOC3Config                      0x0800311d   Thumb Code    18  stm32f10x_tim.o(.text)
    TIM_ForcedOC4Config                      0x0800312f   Thumb Code    22  stm32f10x_tim.o(.text)
    TIM_ARRPreloadConfig                     0x08003145   Thumb Code    24  stm32f10x_tim.o(.text)
    TIM_SelectCOM                            0x0800315d   Thumb Code    24  stm32f10x_tim.o(.text)
    TIM_SelectCCDMA                          0x08003175   Thumb Code    24  stm32f10x_tim.o(.text)
    TIM_CCPreloadControl                     0x0800318d   Thumb Code    24  stm32f10x_tim.o(.text)
    TIM_OC1PreloadConfig                     0x080031a5   Thumb Code    18  stm32f10x_tim.o(.text)
    TIM_OC2PreloadConfig                     0x080031b7   Thumb Code    22  stm32f10x_tim.o(.text)
    TIM_OC3PreloadConfig                     0x080031cd   Thumb Code    18  stm32f10x_tim.o(.text)
    TIM_OC4PreloadConfig                     0x080031df   Thumb Code    22  stm32f10x_tim.o(.text)
    TIM_OC1FastConfig                        0x080031f5   Thumb Code    18  stm32f10x_tim.o(.text)
    TIM_OC2FastConfig                        0x08003207   Thumb Code    22  stm32f10x_tim.o(.text)
    TIM_OC3FastConfig                        0x0800321d   Thumb Code    18  stm32f10x_tim.o(.text)
    TIM_OC4FastConfig                        0x0800322f   Thumb Code    22  stm32f10x_tim.o(.text)
    TIM_ClearOC1Ref                          0x08003245   Thumb Code    18  stm32f10x_tim.o(.text)
    TIM_ClearOC2Ref                          0x08003257   Thumb Code    20  stm32f10x_tim.o(.text)
    TIM_ClearOC3Ref                          0x0800326b   Thumb Code    18  stm32f10x_tim.o(.text)
    TIM_ClearOC4Ref                          0x0800327d   Thumb Code    20  stm32f10x_tim.o(.text)
    TIM_OC1PolarityConfig                    0x08003291   Thumb Code    18  stm32f10x_tim.o(.text)
    TIM_OC1NPolarityConfig                   0x080032a3   Thumb Code    18  stm32f10x_tim.o(.text)
    TIM_OC2PolarityConfig                    0x080032b5   Thumb Code    22  stm32f10x_tim.o(.text)
    TIM_OC2NPolarityConfig                   0x080032cb   Thumb Code    22  stm32f10x_tim.o(.text)
    TIM_OC3PolarityConfig                    0x080032e1   Thumb Code    22  stm32f10x_tim.o(.text)
    TIM_OC3NPolarityConfig                   0x080032f7   Thumb Code    22  stm32f10x_tim.o(.text)
    TIM_OC4PolarityConfig                    0x0800330d   Thumb Code    22  stm32f10x_tim.o(.text)
    TIM_CCxCmd                               0x08003323   Thumb Code    34  stm32f10x_tim.o(.text)
    TIM_CCxNCmd                              0x08003345   Thumb Code    34  stm32f10x_tim.o(.text)
    TIM_SelectOCxM                           0x08003367   Thumb Code    82  stm32f10x_tim.o(.text)
    TIM_UpdateDisableConfig                  0x080033b9   Thumb Code    24  stm32f10x_tim.o(.text)
    TIM_UpdateRequestConfig                  0x080033d1   Thumb Code    24  stm32f10x_tim.o(.text)
    TIM_SelectHallSensor                     0x080033e9   Thumb Code    24  stm32f10x_tim.o(.text)
    TIM_SelectOnePulseMode                   0x08003401   Thumb Code    18  stm32f10x_tim.o(.text)
    TIM_SelectOutputTrigger                  0x08003413   Thumb Code    18  stm32f10x_tim.o(.text)
    TIM_SelectSlaveMode                      0x08003425   Thumb Code    18  stm32f10x_tim.o(.text)
    TIM_SelectMasterSlaveMode                0x08003437   Thumb Code    18  stm32f10x_tim.o(.text)
    TIM_SetCounter                           0x08003449   Thumb Code     4  stm32f10x_tim.o(.text)
    TIM_SetAutoreload                        0x0800344d   Thumb Code     4  stm32f10x_tim.o(.text)
    TIM_SetCompare1                          0x08003451   Thumb Code     4  stm32f10x_tim.o(.text)
    TIM_SetCompare2                          0x08003455   Thumb Code     4  stm32f10x_tim.o(.text)
    TIM_SetCompare3                          0x08003459   Thumb Code     4  stm32f10x_tim.o(.text)
    TIM_SetCompare4                          0x0800345d   Thumb Code     6  stm32f10x_tim.o(.text)
    TIM_SetClockDivision                     0x08003463   Thumb Code    18  stm32f10x_tim.o(.text)
    TIM_GetCapture1                          0x08003475   Thumb Code     6  stm32f10x_tim.o(.text)
    TIM_GetCapture2                          0x0800347b   Thumb Code     6  stm32f10x_tim.o(.text)
    TIM_GetCapture3                          0x08003481   Thumb Code     6  stm32f10x_tim.o(.text)
    TIM_GetCapture4                          0x08003487   Thumb Code     8  stm32f10x_tim.o(.text)
    TIM_GetCounter                           0x0800348f   Thumb Code     6  stm32f10x_tim.o(.text)
    TIM_GetPrescaler                         0x08003495   Thumb Code     6  stm32f10x_tim.o(.text)
    TIM_GetFlagStatus                        0x0800349b   Thumb Code    18  stm32f10x_tim.o(.text)
    TIM_ClearFlag                            0x080034ad   Thumb Code     6  stm32f10x_tim.o(.text)
    TIM_GetITStatus                          0x080034b3   Thumb Code    34  stm32f10x_tim.o(.text)
    TIM_ClearITPendingBit                    0x080034d5   Thumb Code     6  stm32f10x_tim.o(.text)
    USART_DeInit                             0x080034dd   Thumb Code   134  stm32f10x_usart.o(.text)
    USART_Init                               0x08003563   Thumb Code   210  stm32f10x_usart.o(.text)
    USART_StructInit                         0x08003635   Thumb Code    24  stm32f10x_usart.o(.text)
    USART_ClockInit                          0x0800364d   Thumb Code    34  stm32f10x_usart.o(.text)
    USART_ClockStructInit                    0x0800366f   Thumb Code    12  stm32f10x_usart.o(.text)
    USART_Cmd                                0x0800367b   Thumb Code    24  stm32f10x_usart.o(.text)
    USART_ITConfig                           0x08003693   Thumb Code    74  stm32f10x_usart.o(.text)
    USART_DMACmd                             0x080036dd   Thumb Code    24  stm32f10x_usart.o(.text)
    USART_SetAddress                         0x080036f5   Thumb Code    18  stm32f10x_usart.o(.text)
    USART_WakeUpConfig                       0x08003707   Thumb Code    18  stm32f10x_usart.o(.text)
    USART_ReceiverWakeUpCmd                  0x08003719   Thumb Code    24  stm32f10x_usart.o(.text)
    USART_LINBreakDetectLengthConfig         0x08003731   Thumb Code    18  stm32f10x_usart.o(.text)
    USART_LINCmd                             0x08003743   Thumb Code    24  stm32f10x_usart.o(.text)
    USART_SendData                           0x0800375b   Thumb Code     8  stm32f10x_usart.o(.text)
    USART_ReceiveData                        0x08003763   Thumb Code    10  stm32f10x_usart.o(.text)
    USART_SendBreak                          0x0800376d   Thumb Code    10  stm32f10x_usart.o(.text)
    USART_SetGuardTime                       0x08003777   Thumb Code    16  stm32f10x_usart.o(.text)
    USART_SetPrescaler                       0x08003787   Thumb Code    16  stm32f10x_usart.o(.text)
    USART_SmartCardCmd                       0x08003797   Thumb Code    24  stm32f10x_usart.o(.text)
    USART_SmartCardNACKCmd                   0x080037af   Thumb Code    24  stm32f10x_usart.o(.text)
    USART_HalfDuplexCmd                      0x080037c7   Thumb Code    24  stm32f10x_usart.o(.text)
    USART_OverSampling8Cmd                   0x080037df   Thumb Code    22  stm32f10x_usart.o(.text)
    USART_OneBitMethodCmd                    0x080037f5   Thumb Code    24  stm32f10x_usart.o(.text)
    USART_IrDAConfig                         0x0800380d   Thumb Code    18  stm32f10x_usart.o(.text)
    USART_IrDACmd                            0x0800381f   Thumb Code    24  stm32f10x_usart.o(.text)
    USART_GetFlagStatus                      0x08003837   Thumb Code    26  stm32f10x_usart.o(.text)
    USART_ClearFlag                          0x08003851   Thumb Code    18  stm32f10x_usart.o(.text)
    USART_GetITStatus                        0x08003863   Thumb Code    84  stm32f10x_usart.o(.text)
    USART_ClearITPendingBit                  0x080038b7   Thumb Code    50  stm32f10x_usart.o(.text)
    SystemInit                               0x080039b1   Thumb Code    78  system_stm32f10x.o(.text)
    SystemCoreClockUpdate                    0x080039ff   Thumb Code   142  system_stm32f10x.o(.text)
    __aeabi_fadd                             0x08003ab1   Thumb Code   164  fadd.o(.text)
    __aeabi_fsub                             0x08003b55   Thumb Code     6  fadd.o(.text)
    __aeabi_frsub                            0x08003b5b   Thumb Code     6  fadd.o(.text)
    __aeabi_fmul                             0x08003b61   Thumb Code   108  fmul.o(.text)
    __aeabi_fdiv                             0x08003bcd   Thumb Code   128  fdiv.o(.text)
    __aeabi_dadd                             0x08003c4d   Thumb Code   318  dadd.o(.text)
    __aeabi_dsub                             0x08003d8b   Thumb Code     6  dadd.o(.text)
    __aeabi_drsub                            0x08003d91   Thumb Code     6  dadd.o(.text)
    __aeabi_dmul                             0x08003d97   Thumb Code   226  dmul.o(.text)
    __aeabi_ddiv                             0x08003e79   Thumb Code   222  ddiv.o(.text)
    __aeabi_i2f                              0x08003f57   Thumb Code    18  fflti.o(.text)
    __aeabi_i2d                              0x08003f69   Thumb Code    34  dflti.o(.text)
    __aeabi_f2iz                             0x08003f8b   Thumb Code    50  ffixi.o(.text)
    __aeabi_f2d                              0x08003fbd   Thumb Code    44  f2d.o(.text)
    __aeabi_cdcmpeq                          0x08003fe9   Thumb Code     0  cdcmple.o(.text)
    __aeabi_cdcmple                          0x08003fe9   Thumb Code    38  cdcmple.o(.text)
    __aeabi_cdrcmple                         0x08004011   Thumb Code    38  cdrcmple.o(.text)
    __aeabi_d2f                              0x08004039   Thumb Code    56  d2f.o(.text)
    __aeabi_llsl                             0x08004071   Thumb Code    30  llshl.o(.text)
    _ll_shift_l                              0x08004071   Thumb Code     0  llshl.o(.text)
    __aeabi_lasr                             0x0800408f   Thumb Code    36  llsshr.o(.text)
    _ll_sshift_r                             0x0800408f   Thumb Code     0  llsshr.o(.text)
    __I$use$fp                               0x080040b3   Thumb Code     0  iusefp.o(.text)
    _float_round                             0x080040b3   Thumb Code    18  fepilogue.o(.text)
    _float_epilogue                          0x080040c5   Thumb Code    94  fepilogue.o(.text)
    _double_round                            0x08004123   Thumb Code    26  depilogue.o(.text)
    _double_epilogue                         0x0800413d   Thumb Code   168  depilogue.o(.text)
    __ARM_scalbn                             0x080041e5   Thumb Code    46  dscalb.o(.text)
    scalbn                                   0x080041e5   Thumb Code     0  dscalb.o(.text)
    _dsqrt                                   0x08004213   Thumb Code   160  dsqrt.o(.text)
    __scatterload                            0x080042b5   Thumb Code    28  init.o(.text)
    __scatterload_rt2                        0x080042b5   Thumb Code     0  init.o(.text)
    __aeabi_llsr                             0x080042d9   Thumb Code    32  llushr.o(.text)
    _ll_ushift_r                             0x080042d9   Thumb Code     0  llushr.o(.text)
    __ARM_fpclassify                         0x080042f9   Thumb Code    40  fpclassify.o(i.__ARM_fpclassify)
    __kernel_poly                            0x08004321   Thumb Code   170  poly.o(i.__kernel_poly)
    __mathlib_dbl_underflow                  0x080043cd   Thumb Code    10  dunder.o(i.__mathlib_dbl_underflow)
    __scatterload_copy                       0x080043dd   Thumb Code    14  handlers.o(i.__scatterload_copy)
    __scatterload_null                       0x080043eb   Thumb Code     2  handlers.o(i.__scatterload_null)
    __scatterload_zeroinit                   0x080043ed   Thumb Code    14  handlers.o(i.__scatterload_zeroinit)
    __set_errno                              0x080043fd   Thumb Code     6  errno.o(i.__set_errno)
    atan                                     0x08004409   Thumb Code   480  atan.o(i.atan)
    sqrt                                     0x0800462d   Thumb Code    74  sqrt.o(i.sqrt)
    Region$$Table$$Base                      0x08004710   Number         0  anon$$obj.o(Region$$Table)
    Region$$Table$$Limit                     0x08004730   Number         0  anon$$obj.o(Region$$Table)
    hcsr04_test_flag                         0x20000000   Data           1  main.o(.data)
    out                                      0x20000001   Data          35  main.o(.data)
    Duoji_direction                          0x20000024   Data           1  main.o(.data)
    Move_direcetion                          0x20000025   Data           1  main.o(.data)
    distance                                 0x20000026   Data           2  main.o(.data)
    receive_data                             0x20000028   Data           1  main.o(.data)
    flg_get_senor_data                       0x20000029   Data           1  main.o(.data)
    pulsewidth                               0x2000002c   Data           4  main.o(.data)
    angle                                    0x20000030   Data           4  main.o(.data)
    angle_dot                                0x20000034   Data           4  main.o(.data)
    f_angle                                  0x20000038   Data           4  main.o(.data)
    f_angle_dot                              0x2000003c   Data           4  main.o(.data)
    temp                                     0x20000040   Data           2  main.o(.data)
    gx                                       0x20000042   Data           2  main.o(.data)
    gy                                       0x20000044   Data           2  main.o(.data)
    gz                                       0x20000046   Data           2  main.o(.data)
    ax                                       0x20000048   Data           2  main.o(.data)
    ay                                       0x2000004a   Data           2  main.o(.data)
    az                                       0x2000004c   Data           2  main.o(.data)
    temperature                              0x2000004e   Data           2  main.o(.data)
    succeed_flag                             0x20000050   Data           1  stm32f10x_it.o(.data)
    time                                     0x20000052   Data           2  stm32f10x_it.o(.data)
    Error_flag                               0x20000054   Data           1  stm32f10x_it.o(.data)
    cnt                                      0x20000055   Data           1  stm32f10x_it.o(.data)
    cnt1                                     0x20000056   Data           1  stm32f10x_it.o(.data)
    led_cnt                                  0x20000058   Data           2  stm32f10x_it.o(.data)
    duoji_flag                               0x2000005a   Data           1  stm32f10x_it.o(.data)
    duoji_cnt                                0x2000005b   Data           1  stm32f10x_it.o(.data)
    duoji_pwm                                0x2000005c   Data           1  stm32f10x_it.o(.data)
    speed_l                                  0x20000060   Data           2  calculate.o(.data)
    speed_r                                  0x20000062   Data           2  calculate.o(.data)
    speed_need                               0x20000064   Data           2  calculate.o(.data)
    turn_need_r                              0x20000066   Data           2  calculate.o(.data)
    turn_need_l                              0x20000068   Data           2  calculate.o(.data)
    speed_out                                0x2000006a   Data           2  calculate.o(.data)
    stop                                     0x2000006c   Data           1  calculate.o(.data)
    set_point                                0x20000070   Data           4  calculate.o(.data)
    proportion                               0x20000074   Data           4  calculate.o(.data)
    integral2                                0x20000078   Data           4  calculate.o(.data)
    derivative                               0x2000007c   Data           4  calculate.o(.data)
    derivative2                              0x20000080   Data           4  calculate.o(.data)
    previous_cmd                             0x20000084   Data           1  calculate.o(.data)
    rout                                     0x20000088   Data           4  calculate.o(.data)
    now_error                                0x2000008c   Data           4  calculate.o(.data)
    position                                 0x20000090   Data           8  calculate.o(.data)
    speed                                    0x20000098   Data           8  calculate.o(.data)
    Last_direction                           0x200000e0   Data           1  hc_sr04.o(.data)
    SystemCoreClock                          0x200000f8   Data           4  system_stm32f10x.o(.data)
    AHBPrescTable                            0x200000fc   Data          16  system_stm32f10x.o(.data)
    gx_buf                                   0x20000110   Data          32  main.o(.bss)
    ax_buf                                   0x20000130   Data          32  main.o(.bss)
    ay_buf                                   0x20000150   Data          32  main.o(.bss)
    az_buf                                   0x20000170   Data          32  main.o(.bss)
    speed_buf                                0x20000190   Data          40  calculate.o(.bss)
    __initial_sp                             0x200005c8   Data           0  startup_stm32f10x_hd.o(STACK)



==============================================================================

Memory Map of the image

  Image Entry point : 0x08000131

  Load Region LR_IROM1 (Base: 0x08000000, Size: 0x00004840, Max: 0x00020000, ABSOLUTE)

    Execution Region ER_IROM1 (Base: 0x08000000, Size: 0x00004730, Max: 0x00020000, ABSOLUTE)

    Base Addr    Size         Type   Attr      Idx    E Section Name        Object

    0x08000000   0x00000130   Data   RO            3    RESET               startup_stm32f10x_hd.o
    0x08000130   0x00000000   Code   RO          644  * .ARM.Collect$$$$00000000  mc_w.l(entry.o)(mc_w.l)
    0x08000130   0x00000004   Code   RO          679    .ARM.Collect$$$$00000001  mc_w.l(entry2.o)(mc_w.l)
    0x08000134   0x00000004   Code   RO          682    .ARM.Collect$$$$00000004  mc_w.l(entry5.o)(mc_w.l)
    0x08000138   0x00000008   Code   RO          683    .ARM.Collect$$$$00000007  mc_w.l(entry7.o)(mc_w.l)
    0x08000140   0x00000004   Code   RO          680    .ARM.Collect$$$$00002712  mc_w.l(entry2.o)(mc_w.l)
    0x08000144   0x00000024   Code   RO            4    .text               startup_stm32f10x_hd.o
    0x08000168   0x00000328   Code   RO           10    .text               main.o
    0x08000490   0x00000210   Code   RO          104    .text               stm32f10x_it.o
    0x080006a0   0x0000079c   Code   RO          129    .text               calculate.o
    0x08000e3c   0x00000248   Code   RO          146    .text               filter.o
    0x08001084   0x000001ac   Code   RO          163    .text               iic.o
    0x08001230   0x00000136   Code   RO          178    .text               mpu6050.o
    0x08001366   0x00000002   PAD
    0x08001368   0x00000060   Code   RO          190    .text               timer.o
    0x080013c8   0x00000384   Code   RO          202    .text               usart.o
    0x0800174c   0x00000034   Code   RO          221    .text               gpio.o
    0x08001780   0x0000009c   Code   RO          233    .text               delay.o
    0x0800181c   0x00000170   Code   RO          247    .text               hc_sr04.o
    0x0800198c   0x00000080   Code   RO          263    .text               time_test.o
    0x08001a0c   0x000000f8   Code   RO          275    .text               misc.o
    0x08001b04   0x0000013c   Code   RO          407    .text               stm32f10x_exti.o
    0x08001c40   0x00000358   Code   RO          449    .text               stm32f10x_gpio.o
    0x08001f98   0x000003f0   Code   RO          461    .text               stm32f10x_i2c.o
    0x08002388   0x000003a4   Code   RO          503    .text               stm32f10x_rcc.o
    0x0800272c   0x00000dae   Code   RO          559    .text               stm32f10x_tim.o
    0x080034da   0x00000002   PAD
    0x080034dc   0x0000040c   Code   RO          571    .text               stm32f10x_usart.o
    0x080038e8   0x000001c8   Code   RO          608    .text               system_stm32f10x.o
    0x08003ab0   0x000000b0   Code   RO          647    .text               mf_w.l(fadd.o)(mf_w.l)
    0x08003b60   0x0000006c   Code   RO          649    .text               mf_w.l(fmul.o)(mf_w.l)
    0x08003bcc   0x00000080   Code   RO          651    .text               mf_w.l(fdiv.o)(mf_w.l)
    0x08003c4c   0x0000014a   Code   RO          653    .text               mf_w.l(dadd.o)(mf_w.l)
    0x08003d96   0x000000e2   Code   RO          655    .text               mf_w.l(dmul.o)(mf_w.l)
    0x08003e78   0x000000de   Code   RO          657    .text               mf_w.l(ddiv.o)(mf_w.l)
    0x08003f56   0x00000012   Code   RO          659    .text               mf_w.l(fflti.o)(mf_w.l)
    0x08003f68   0x00000022   Code   RO          661    .text               mf_w.l(dflti.o)(mf_w.l)
    0x08003f8a   0x00000032   Code   RO          663    .text               mf_w.l(ffixi.o)(mf_w.l)
    0x08003fbc   0x0000002c   Code   RO          665    .text               mf_w.l(f2d.o)(mf_w.l)
    0x08003fe8   0x00000028   Code   RO          667    .text               mf_w.l(cdcmple.o)(mf_w.l)
    0x08004010   0x00000028   Code   RO          669    .text               mf_w.l(cdrcmple.o)(mf_w.l)
    0x08004038   0x00000038   Code   RO          671    .text               mf_w.l(d2f.o)(mf_w.l)
    0x08004070   0x0000001e   Code   RO          684    .text               mc_w.l(llshl.o)(mc_w.l)
    0x0800408e   0x00000024   Code   RO          686    .text               mc_w.l(llsshr.o)(mc_w.l)
    0x080040b2   0x00000000   Code   RO          695    .text               mc_w.l(iusefp.o)(mc_w.l)
    0x080040b2   0x00000070   Code   RO          696    .text               mf_w.l(fepilogue.o)(mf_w.l)
    0x08004122   0x000000c2   Code   RO          698    .text               mf_w.l(depilogue.o)(mf_w.l)
    0x080041e4   0x0000002e   Code   RO          700    .text               mf_w.l(dscalb.o)(mf_w.l)
    0x08004212   0x000000a0   Code   RO          702    .text               mf_w.l(dsqrt.o)(mf_w.l)
    0x080042b2   0x00000002   PAD
    0x080042b4   0x00000024   Code   RO          704    .text               mc_w.l(init.o)(mc_w.l)
    0x080042d8   0x00000020   Code   RO          706    .text               mc_w.l(llushr.o)(mc_w.l)
    0x080042f8   0x00000028   Code   RO          675    i.__ARM_fpclassify  m_ws.l(fpclassify.o)(m_ws.l)
    0x08004320   0x000000aa   Code   RO          677    i.__kernel_poly     m_ws.l(poly.o)(m_ws.l)
    0x080043ca   0x00000002   PAD
    0x080043cc   0x00000010   Code   RO          673    i.__mathlib_dbl_underflow  m_ws.l(dunder.o)(m_ws.l)
    0x080043dc   0x0000000e   Code   RO          710    i.__scatterload_copy  mc_w.l(handlers.o)(mc_w.l)
    0x080043ea   0x00000002   Code   RO          711    i.__scatterload_null  mc_w.l(handlers.o)(mc_w.l)
    0x080043ec   0x0000000e   Code   RO          712    i.__scatterload_zeroinit  mc_w.l(handlers.o)(mc_w.l)
    0x080043fa   0x00000002   PAD
    0x080043fc   0x0000000c   Code   RO          690    i.__set_errno       mc_w.l(errno.o)(mc_w.l)
    0x08004408   0x00000224   Code   RO          627    i.atan              m_ws.l(atan.o)(m_ws.l)
    0x0800462c   0x0000004a   Code   RO          637    i.sqrt              m_ws.l(sqrt.o)(m_ws.l)
    0x08004676   0x00000002   PAD
    0x08004678   0x00000098   Data   RO          628    .constdata          m_ws.l(atan.o)(m_ws.l)
    0x08004710   0x00000020   Data   RO          708    Region$$Table       anon$$obj.o


    Execution Region RW_IRAM1 (Base: 0x20000000, Size: 0x000005c8, Max: 0x00005000, ABSOLUTE)

    Base Addr    Size         Type   Attr      Idx    E Section Name        Object

    0x20000000   0x00000050   Data   RW           12    .data               main.o
    0x20000050   0x0000000d   Data   RW          105    .data               stm32f10x_it.o
    0x2000005d   0x00000003   PAD
    0x20000060   0x00000040   Data   RW          131    .data               calculate.o
    0x200000a0   0x0000003c   Data   RW          149    .data               filter.o
    0x200000dc   0x00000004   Data   RW          234    .data               delay.o
    0x200000e0   0x00000001   Data   RW          248    .data               hc_sr04.o
    0x200000e1   0x00000014   Data   RW          504    .data               stm32f10x_rcc.o
    0x200000f5   0x00000003   PAD
    0x200000f8   0x00000014   Data   RW          609    .data               system_stm32f10x.o
    0x2000010c   0x00000004   Data   RW          691    .data               mc_w.l(errno.o)(mc_w.l)
    0x20000110   0x00000080   Zero   RW           11    .bss                main.o
    0x20000190   0x00000028   Zero   RW          130    .bss                calculate.o
    0x200001b8   0x00000010   Zero   RW          147    .bss                filter.o
    0x200001c8   0x00000400   Zero   RW            1    STACK               startup_stm32f10x_hd.o


==============================================================================

Image component sizes


      Code (inc. data)   RO Data    RW Data    ZI Data      Debug   Object Name

      1948        188          0         64         40          0   calculate.o
       156          8          0          4          0          0   delay.o
       584         60          0         60         16          0   filter.o
        52          4          0          0          0          0   gpio.o
       368         30          0          1          0          0   hc_sr04.o
       428         22          0          0          0          0   iic.o
       808        184          0         80        128          0   main.o
       248         30          0          0          0          0   misc.o
       310          0          0          0          0          0   mpu6050.o
        36          8        304          0       1024          0   startup_stm32f10x_hd.o
       316         28          0          0          0          0   stm32f10x_exti.o
       856         40          0          0          0          0   stm32f10x_gpio.o
      1008         16          0          0          0          0   stm32f10x_i2c.o
       528         82          0         13          0          0   stm32f10x_it.o
       932         52          0         20          0          0   stm32f10x_rcc.o
      3502         86          0          0          0          0   stm32f10x_tim.o
      1036         20          0          0          0          0   stm32f10x_usart.o
       456         36          0         20          0          0   system_stm32f10x.o
       128          6          0          0          0          0   time_test.o
        96          6          0          0          0          0   timer.o
       900         12          0          0          0          0   usart.o

    ----------------------------------------------------------------------
     14700        918        336        268       1208          0   Object Totals
         0          0         32          0          0          0   (incl. Generated)
         4          0          0          6          0          3   (incl. Padding)

    ----------------------------------------------------------------------

      Code (inc. data)   RO Data    RW Data    ZI Data      Debug   Library Member Name

       548         68        152          0          0          0   atan.o
        16          6          0          0          0          0   dunder.o
        40          0          0          0          0          0   fpclassify.o
       170          0          0          0          0          0   poly.o
        74          0          0          0          0          0   sqrt.o
         0          0          0          0          0          0   entry.o
         8          4          0          0          0          0   entry2.o
         4          0          0          0          0          0   entry5.o
         8          4          0          0          0          0   entry7.o
        12          6          0          4          0          0   errno.o
        30          0          0          0          0          0   handlers.o
        36          8          0          0          0          0   init.o
         0          0          0          0          0          0   iusefp.o
        30          0          0          0          0          0   llshl.o
        36          0          0          0          0          0   llsshr.o
        32          0          0          0          0          0   llushr.o
        40          2          0          0          0          0   cdcmple.o
        40          2          0          0          0          0   cdrcmple.o
        56          0          0          0          0          0   d2f.o
       330          0          0          0          0          0   dadd.o
       222          0          0          0          0          0   ddiv.o
       194          0          0          0          0          0   depilogue.o
        34          0          0          0          0          0   dflti.o
       226          0          0          0          0          0   dmul.o
        46          0          0          0          0          0   dscalb.o
       160          0          0          0          0          0   dsqrt.o
        44          0          0          0          0          0   f2d.o
       176          0          0          0          0          0   fadd.o
       128          0          0          0          0          0   fdiv.o
       112          0          0          0          0          0   fepilogue.o
        50          0          0          0          0          0   ffixi.o
        18          0          0          0          0          0   fflti.o
       108          0          0          0          0          0   fmul.o

    ----------------------------------------------------------------------
      3036        100        152          4          0          0   Library Totals
         8          0          0          0          0          0   (incl. Padding)

    ----------------------------------------------------------------------

      Code (inc. data)   RO Data    RW Data    ZI Data      Debug   Library Name

       848         74        152          0          0        444   m_ws.l
       196         22          0          4          0        340   mc_w.l
      1984          4          0          0          0       1684   mf_w.l

    ----------------------------------------------------------------------
      3036        100        152          4          0          0   Library Totals

    ----------------------------------------------------------------------

==============================================================================


      Code (inc. data)   RO Data    RW Data    ZI Data      Debug   

     17736       1018        488        272       1208     344928   Grand Totals
     17736       1018        488        272       1208     344928   ELF Image Totals
     17736       1018        488        272          0          0   ROM Totals

==============================================================================

    Total RO  Size (Code + RO Data)                18224 (  17.80kB)
    Total RW  Size (RW Data + ZI Data)              1480 (   1.45kB)
    Total ROM Size (Code + RO Data + RW Data)      18496 (  18.06kB)

==============================================================================

