Component: ARM Compiler 5.06 update 5 (build 528) Tool: armlink [4d35e2]

==============================================================================

Section Cross References

    startup_stm32f10x_hd.o(STACK) refers (Special) to heapauxi.o(.text) for __use_two_region_memory
    startup_stm32f10x_hd.o(HEAP) refers (Special) to heapauxi.o(.text) for __use_two_region_memory
    startup_stm32f10x_hd.o(RESET) refers (Special) to heapauxi.o(.text) for __use_two_region_memory
    startup_stm32f10x_hd.o(RESET) refers to startup_stm32f10x_hd.o(STACK) for __initial_sp
    startup_stm32f10x_hd.o(RESET) refers to startup_stm32f10x_hd.o(.text) for Reset_Handler
    startup_stm32f10x_hd.o(RESET) refers to stm32f10x_it.o(.text) for NMI_Handler
    startup_stm32f10x_hd.o(.text) refers (Special) to heapauxi.o(.text) for __use_two_region_memory
    startup_stm32f10x_hd.o(.text) refers to system_stm32f10x.o(.text) for SystemInit
    startup_stm32f10x_hd.o(.text) refers to __main.o(!!!main) for __main
    startup_stm32f10x_hd.o(.text) refers to startup_stm32f10x_hd.o(HEAP) for Heap_Mem
    startup_stm32f10x_hd.o(.text) refers to startup_stm32f10x_hd.o(STACK) for Stack_Mem
    calculate.o(.text) refers to stm32f10x_rcc.o(.text) for RCC_APB2PeriphClockCmd
    calculate.o(.text) refers to stm32f10x_gpio.o(.text) for GPIO_Init
    calculate.o(.text) refers to stm32f10x_tim.o(.text) for TIM_TimeBaseInit
    calculate.o(.text) refers to f2d.o(x$fpl$f2d) for __aeabi_f2d
    calculate.o(.text) refers to daddsub_clz.o(x$fpl$dadd) for __aeabi_dadd
    calculate.o(.text) refers to d2f.o(x$fpl$d2f) for __aeabi_d2f
    calculate.o(.text) refers to faddsub_clz.o(x$fpl$frsb) for __aeabi_frsub
    calculate.o(.text) refers to main.o(.data) for Move_direcetion
    calculate.o(.text) refers to calculate.o(.data) for previous_cmd
    calculate.o(.text) refers to calculate.o(.bss) for speed_buf
    calculate.o(.text) refers to dmul.o(x$fpl$dmul) for __aeabi_dmul
    calculate.o(.text) refers to dflt_clz.o(x$fpl$dflt) for __aeabi_i2d
    calculate.o(.text) refers to daddsub_clz.o(x$fpl$drsb) for __aeabi_drsub
    calculate.o(.text) refers to dleqf.o(x$fpl$dleqf) for __aeabi_cdcmple
    calculate.o(.text) refers to drleqf.o(x$fpl$drleqf) for __aeabi_cdrcmple
    calculate.o(.text) refers to fmul.o(x$fpl$fmul) for __aeabi_fmul
    calculate.o(.text) refers to faddsub_clz.o(x$fpl$fadd) for __aeabi_fadd
    calculate.o(.text) refers to daddsub_clz.o(x$fpl$dsub) for __aeabi_dsub
    calculate.o(.text) refers to fflt_clz.o(x$fpl$fflt) for __aeabi_i2f
    calculate.o(.text) refers to ffix.o(x$fpl$ffix) for __aeabi_f2iz
    delay.o(.text) refers to misc.o(.text) for SysTick_CLKSourceConfig
    delay.o(.text) refers to delay.o(.data) for fac_us
    filter.o(.text) refers to faddsub_clz.o(x$fpl$fsub) for __aeabi_fsub
    filter.o(.text) refers to fmul.o(x$fpl$fmul) for __aeabi_fmul
    filter.o(.text) refers to faddsub_clz.o(x$fpl$fadd) for __aeabi_fadd
    filter.o(.text) refers to fdiv.o(x$fpl$fdiv) for __aeabi_fdiv
    filter.o(.text) refers to faddsub_clz.o(x$fpl$frsb) for __aeabi_frsub
    filter.o(.text) refers to filter.o(.data) for q_bias
    filter.o(.text) refers to filter.o(.bss) for Pdot
    gpio.o(.text) refers to stm32f10x_rcc.o(.text) for RCC_APB2PeriphClockCmd
    gpio.o(.text) refers to stm32f10x_gpio.o(.text) for GPIO_Init
    hc_sr04.o(.text) refers to misc.o(.text) for NVIC_PriorityGroupConfig
    hc_sr04.o(.text) refers to stm32f10x_rcc.o(.text) for RCC_APB2PeriphClockCmd
    hc_sr04.o(.text) refers to stm32f10x_gpio.o(.text) for GPIO_Init
    hc_sr04.o(.text) refers to stm32f10x_exti.o(.text) for EXTI_Init
    hc_sr04.o(.text) refers to main.o(.text) for servopulse
    hc_sr04.o(.text) refers to delay.o(.text) for delay_us
    hc_sr04.o(.text) refers to main.o(.data) for Duoji_direction
    hc_sr04.o(.text) refers to hc_sr04.o(.data) for Last_direction
    hc_sr04.o(.text) refers to stm32f10x_it.o(.data) for duoji_flag
    iic.o(.text) refers to stm32f10x_rcc.o(.text) for RCC_APB1PeriphClockCmd
    iic.o(.text) refers to stm32f10x_gpio.o(.text) for GPIO_Init
    iic.o(.text) refers to stm32f10x_i2c.o(.text) for I2C_DeInit
    main.o(.text) refers to system_stm32f10x.o(.text) for SystemInit
    main.o(.text) refers to delay.o(.text) for delay_init
    main.o(.text) refers to gpio.o(.text) for gpio_init
    main.o(.text) refers to usart.o(.text) for usart_init
    main.o(.text) refers to iic.o(.text) for iic_init
    main.o(.text) refers to timer.o(.text) for timer_init
    main.o(.text) refers to time_test.o(.text) for TIM1_Configuration
    main.o(.text) refers to hc_sr04.o(.text) for HCSR04_Init
    main.o(.text) refers to calculate.o(.text) for motor_init
    main.o(.text) refers to mpu6050.o(.text) for mpu6050_init
    main.o(.text) refers to stm32f10x_tim.o(.text) for TIM_Cmd
    main.o(.text) refers to fflt_clz.o(x$fpl$fflt) for __aeabi_i2f
[...]
    FWlib\src\stm32f10x_spi.c                0x00000000   Number         0  stm32f10x_spi.o ABSOLUTE
    FWlib\src\stm32f10x_tim.c                0x00000000   Number         0  stm32f10x_tim.o ABSOLUTE
    FWlib\src\stm32f10x_usart.c              0x00000000   Number         0  stm32f10x_usart.o ABSOLUTE
    FWlib\src\stm32f10x_wwdg.c               0x00000000   Number         0  stm32f10x_wwdg.o ABSOLUTE
    USER\HC_SR04.c                           0x00000000   Number         0  hc_sr04.o ABSOLUTE
    USER\Time_test.c                         0x00000000   Number         0  time_test.o ABSOLUTE
    USER\calculate.c                         0x00000000   Number         0  calculate.o ABSOLUTE
    USER\delay.c                             0x00000000   Number         0  delay.o ABSOLUTE
    USER\filter.c                            0x00000000   Number         0  filter.o ABSOLUTE
    USER\gpio.c                              0x00000000   Number         0  gpio.o ABSOLUTE
    USER\iic.c                               0x00000000   Number         0  iic.o ABSOLUTE
    USER\main.c                              0x00000000   Number         0  main.o ABSOLUTE
    USER\mpu6050.c                           0x00000000   Number         0  mpu6050.o ABSOLUTE
    USER\stm32f10x_it.c                      0x00000000   Number         0  stm32f10x_it.o ABSOLUTE
    USER\timer.c                             0x00000000   Number         0  timer.o ABSOLUTE
    USER\usart.c                             0x00000000   Number         0  usart.o ABSOLUTE
    dc.s                                     0x00000000   Number         0  dc.o ABSOLUTE
    RESET                                    0x08000000   Section      304  startup_stm32f10x_hd.o(RESET)
    !!!main                                  0x08000130   Section        8  __main.o(!!!main)
    !!!scatter                               0x08000138   Section       52  __scatter.o(!!!scatter)
    !!handler_copy                           0x0800016c   Section       26  __scatter_copy.o(!!handler_copy)
    !!handler_zi                             0x08000188   Section       28  __scatter_zi.o(!!handler_zi)
    .ARM.Collect$$libinit$$00000000          0x080001a4   Section        2  libinit.o(.ARM.Collect$$libinit$$00000000)
    .ARM.Collect$$libinit$$00000002          0x080001a6   Section        0  libinit2.o(.ARM.Collect$$libinit$$00000002)
    .ARM.Collect$$libinit$$00000004          0x080001a6   Section        0  libinit2.o(.ARM.Collect$$libinit$$00000004)
    .ARM.Collect$$libinit$$0000000A          0x080001a6   Section        0  libinit2.o(.ARM.Collect$$libinit$$0000000A)
    .ARM.Collect$$libinit$$0000000C          0x080001a6   Section        0  libinit2.o(.ARM.Collect$$libinit$$0000000C)
    .ARM.Collect$$libinit$$0000000E          0x080001a6   Section        0  libinit2.o(.ARM.Collect$$libinit$$0000000E)
    .ARM.Collect$$libinit$$00000011          0x080001a6   Section        0  libinit2.o(.ARM.Collect$$libinit$$00000011)
    .ARM.Collect$$libinit$$00000013          0x080001a6   Section        0  libinit2.o(.ARM.Collect$$libinit$$00000013)
    .ARM.Collect$$libinit$$00000015          0x080001a6   Section        0  libinit2.o(.ARM.Collect$$libinit$$00000015)
    .ARM.Collect$$libinit$$00000017          0x080001a6   Section        0  libinit2.o(.ARM.Collect$$libinit$$00000017)
    .ARM.Collect$$libinit$$00000019          0x080001a6   Section        0  libinit2.o(.ARM.Collect$$libinit$$00000019)
    .ARM.Collect$$libinit$$0000001B          0x080001a6   Section        0  libinit2.o(.ARM.Collect$$libinit$$0000001B)
    .ARM.Collect$$libinit$$0000001D          0x080001a6   Section        0  libinit2.o(.ARM.Collect$$libinit$$0000001D)
    .ARM.Collect$$libinit$$0000001F          0x080001a6   Section        0  libinit2.o(.ARM.Collect$$libinit$$0000001F)
    .ARM.Collect$$libinit$$00000021          0x080001a6   Section        0  libinit2.o(.ARM.Collect$$libinit$$00000021)
    .ARM.Collect$$libinit$$00000023          0x080001a6   Section        0  libinit2.o(.ARM.Collect$$libinit$$00000023)
    .ARM.Collect$$libinit$$00000025          0x080001a6   Section        0  libinit2.o(.ARM.Collect$$libinit$$00000025)
    .ARM.Collect$$libinit$$0000002C          0x080001a6   Section        0  libinit2.o(.ARM.Collect$$libinit$$0000002C)
    .ARM.Collect$$libinit$$0000002E          0x080001a6   Section        0  libinit2.o(.ARM.Collect$$libinit$$0000002E)
    .ARM.Collect$$libinit$$00000030          0x080001a6   Section        0  libinit2.o(.ARM.Collect$$libinit$$00000030)
    .ARM.Collect$$libinit$$00000032          0x080001a6   Section        0  libinit2.o(.ARM.Collect$$libinit$$00000032)
    .ARM.Collect$$libinit$$00000033          0x080001a6   Section        2  libinit2.o(.ARM.Collect$$libinit$$00000033)
    .ARM.Collect$$libshutdown$$00000000      0x080001a8   Section        2  libshutdown.o(.ARM.Collect$$libshutdown$$00000000)
    .ARM.Collect$$libshutdown$$00000002      0x080001aa   Section        0  libshutdown2.o(.ARM.Collect$$libshutdown$$00000002)
    .ARM.Collect$$libshutdown$$00000004      0x080001aa   Section        0  libshutdown2.o(.ARM.Collect$$libshutdown$$00000004)
    .ARM.Collect$$libshutdown$$00000007      0x080001aa   Section        0  libshutdown2.o(.ARM.Collect$$libshutdown$$00000007)
    .ARM.Collect$$libshutdown$$0000000A      0x080001aa   Section        0  libshutdown2.o(.ARM.Collect$$libshutdown$$0000000A)
    .ARM.Collect$$libshutdown$$0000000C      0x080001aa   Section        0  libshutdown2.o(.ARM.Collect$$libshutdown$$0000000C)
    .ARM.Collect$$libshutdown$$0000000F      0x080001aa   Section        0  libshutdown2.o(.ARM.Collect$$libshutdown$$0000000F)
    .ARM.Collect$$libshutdown$$00000010      0x080001aa   Section        2  libshutdown2.o(.ARM.Collect$$libshutdown$$00000010)
    .ARM.Collect$$rtentry$$00000000          0x080001ac   Section        0  __rtentry.o(.ARM.Collect$$rtentry$$00000000)
    .ARM.Collect$$rtentry$$00000002          0x080001ac   Section        0  __rtentry2.o(.ARM.Collect$$rtentry$$00000002)
    .ARM.Collect$$rtentry$$00000004          0x080001ac   Section        6  __rtentry4.o(.ARM.Collect$$rtentry$$00000004)
    .ARM.Collect$$rtentry$$00000009          0x080001b2   Section        0  __rtentry2.o(.ARM.Collect$$rtentry$$00000009)
    .ARM.Collect$$rtentry$$0000000A          0x080001b2   Section        4  __rtentry2.o(.ARM.Collect$$rtentry$$0000000A)
    .ARM.Collect$$rtentry$$0000000C          0x080001b6   Section        0  __rtentry2.o(.ARM.Collect$$rtentry$$0000000C)
    .ARM.Collect$$rtentry$$0000000D          0x080001b6   Section        8  __rtentry2.o(.ARM.Collect$$rtentry$$0000000D)
    .ARM.Collect$$rtexit$$00000000           0x080001be   Section        2  rtexit.o(.ARM.Collect$$rtexit$$00000000)
    .ARM.Collect$$rtexit$$00000002           0x080001c0   Section        0  rtexit2.o(.ARM.Collect$$rtexit$$00000002)
    .ARM.Collect$$rtexit$$00000003           0x080001c0   Section        4  rtexit2.o(.ARM.Collect$$rtexit$$00000003)
    .ARM.Collect$$rtexit$$00000004           0x080001c4   Section        6  rtexit2.o(.ARM.Collect$$rtexit$$00000004)
    .text                                    0x080001cc   Section       64  startup_stm32f10x_hd.o(.text)
    .text                                    0x0800020c   Section        0  calculate.o(.text)
    .text                                    0x080009ac   Section        0  delay.o(.text)
    .text                                    0x08000a58   Section        0  filter.o(.text)
    .text                                    0x08000ca0   Section        0  gpio.o(.text)
    .text                                    0x08000cd4   Section        0  hc_sr04.o(.text)
    NVIC_Configuration                       0x08000cd5   Thumb Code    40  hc_sr04.o(.text)
    .text                                    0x08000e3c   Section        0  iic.o(.text)
    .text                                    0x08000fe8   Section        0  main.o(.text)
    .text                                    0x08001314   Section        0  mpu6050.o(.text)
    .text                                    0x08001444   Section        0  stm32f10x_it.o(.text)
    .text                                    0x08001644   Section        0  time_test.o(.text)
    .text                                    0x080016c4   Section        0  timer.o(.text)
    .text                                    0x08001724   Section        0  usart.o(.text)
    itoa                                     0x08001935   Thumb Code    98  usart.o(.text)
    .text                                    0x08001aa8   Section        0  misc.o(.text)
    .text                                    0x08001b84   Section        0  stm32f10x_exti.o(.text)
    .text                                    0x08001ca0   Section        0  stm32f10x_gpio.o(.text)
    .text                                    0x08001ffc   Section        0  stm32f10x_i2c.o(.text)
    .text                                    0x08002400   Section        0  stm32f10x_rcc.o(.text)
    .text                                    0x080027a4   Section        0  stm32f10x_tim.o(.text)
    TI4_Config                               0x08002c4b   Thumb Code   130  stm32f10x_tim.o(.text)
    TI3_Config                               0x08002cdf   Thumb Code   122  stm32f10x_tim.o(.text)
    TI2_Config                               0x08002d73   Thumb Code   130  stm32f10x_tim.o(.text)
    TI1_Config                               0x08002e07   Thumb Code   108  stm32f10x_tim.o(.text)
    .text                                    0x080035c0   Section        0  stm32f10x_usart.o(.text)
    .text                                    0x080039c8   Section        0  system_stm32f10x.o(.text)
    SetSysClockTo72                          0x080039c9   Thumb Code   214  system_stm32f10x.o(.text)
    SetSysClock                              0x08003a9f   Thumb Code     8  system_stm32f10x.o(.text)
    .text                                    0x08003ba8   Section        0  heapauxi.o(.text)
    .text                                    0x08003bae   Section        0  _rserrno.o(.text)
    .text                                    0x08003bc4   Section        8  rt_errno_addr_intlibspace.o(.text)
    .text                                    0x08003bcc   Section        8  libspace.o(.text)
    .text                                    0x08003bd4   Section       74  sys_stackheap_outer.o(.text)
    .text                                    0x08003c1e   Section        0  exit.o(.text)
    .text                                    0x08003c30   Section        0  sys_exit.o(.text)
    .text                                    0x08003c3c   Section        2  use_no_semi.o(.text)
    .text                                    0x08003c3e   Section        0  indicate_semi.o(.text)
    i.__ARM_fpclassify                       0x08003c3e   Section        0  fpclassify.o(i.__ARM_fpclassify)
    i.__kernel_poly                          0x08003c66   Section        0  poly.o(i.__kernel_poly)
    i.__mathlib_dbl_infnan                   0x08003d10   Section        0  dunder.o(i.__mathlib_dbl_infnan)
    i.__mathlib_dbl_underflow                0x08003d18   Section        0  dunder.o(i.__mathlib_dbl_underflow)
    i.atan                                   0x08003d28   Section        0  atan.o(i.atan)
    i.sqrt                                   0x08003f48   Section        0  sqrt.o(i.sqrt)
    x$fpl$d2f                                0x08003f94   Section       98  d2f.o(x$fpl$d2f)
    x$fpl$dadd                               0x08003ff8   Section      336  daddsub_clz.o(x$fpl$dadd)
    _dadd1                                   0x08004009   Thumb Code     0  daddsub_clz.o(x$fpl$dadd)
    x$fpl$dcheck1                            0x08004148   Section       16  dcheck1.o(x$fpl$dcheck1)
    x$fpl$dcmpinf                            0x08004158   Section       24  dcmpi.o(x$fpl$dcmpinf)
    x$fpl$ddiv                               0x08004170   Section      688  ddiv.o(x$fpl$ddiv)
    ddiv_entry                               0x08004177   Thumb Code     0  ddiv.o(x$fpl$ddiv)
    x$fpl$dflt                               0x08004420   Section       46  dflt_clz.o(x$fpl$dflt)
    x$fpl$dleqf                              0x08004450   Section      120  dleqf.o(x$fpl$dleqf)
    x$fpl$dmul                               0x080044c8   Section      340  dmul.o(x$fpl$dmul)
    x$fpl$dnaninf                            0x0800461c   Section      156  dnaninf.o(x$fpl$dnaninf)
    x$fpl$dretinf                            0x080046b8   Section       12  dretinf.o(x$fpl$dretinf)
    x$fpl$drleqf                             0x080046c4   Section      108  drleqf.o(x$fpl$drleqf)
    x$fpl$drsb                               0x08004730   Section       22  daddsub_clz.o(x$fpl$drsb)
    x$fpl$dsqrt                              0x08004748   Section      460  dsqrt_noumaal.o(x$fpl$dsqrt)
    x$fpl$dsub                               0x08004914   Section      468  daddsub_clz.o(x$fpl$dsub)
    _dsub1                                   0x08004925   Thumb Code     0  daddsub_clz.o(x$fpl$dsub)
    x$fpl$f2d                                0x08004ae8   Section       86  f2d.o(x$fpl$f2d)
    x$fpl$fadd                               0x08004b40   Section      196  faddsub_clz.o(x$fpl$fadd)
    _fadd1                                   0x08004b4f   Thumb Code     0  faddsub_clz.o(x$fpl$fadd)
    x$fpl$fdiv                               0x08004c04   Section      388  fdiv.o(x$fpl$fdiv)
    _fdiv1                                   0x08004c05   Thumb Code     0  fdiv.o(x$fpl$fdiv)
    x$fpl$ffix                               0x08004d88   Section       54  ffix.o(x$fpl$ffix)
    x$fpl$fflt                               0x08004dc0   Section       48  fflt_clz.o(x$fpl$fflt)
    x$fpl$fmul                               0x08004df0   Section      258  fmul.o(x$fpl$fmul)
    x$fpl$fnaninf                            0x08004ef2   Section      140  fnaninf.o(x$fpl$fnaninf)
    x$fpl$fretinf                            0x08004f7e   Section       10  fretinf.o(x$fpl$fretinf)
    x$fpl$frsb                               0x08004f88   Section       20  faddsub_clz.o(x$fpl$frsb)
    x$fpl$fsub                               0x08004f9c   Section      234  faddsub_clz.o(x$fpl$fsub)
    _fsub1                                   0x08004fab   Thumb Code     0  faddsub_clz.o(x$fpl$fsub)
    x$fpl$retnan                             0x08005086   Section      100  retnan.o(x$fpl$retnan)
    x$fpl$scalbn                             0x080050ea   Section       92  scalbn.o(x$fpl$scalbn)
    x$fpl$trapveneer                         0x08005146   Section       48  trapv.o(x$fpl$trapveneer)
    x$fpl$usenofp                            0x08005176   Section        0  usenofp.o(x$fpl$usenofp)
    .constdata                               0x08005178   Section      152  atan.o(.constdata)
    atanhi                                   0x08005178   Data          32  atan.o(.constdata)
    atanlo                                   0x08005198   Data          32  atan.o(.constdata)
    aTodd                                    0x080051b8   Data          40  atan.o(.constdata)
    aTeven                                   0x080051e0   Data          48  atan.o(.constdata)
    .data                                    0x20000000   Section       64  calculate.o(.data)
    .data                                    0x20000040   Section        4  delay.o(.data)
    fac_us                                   0x20000040   Data           1  delay.o(.data)
    fac_ms                                   0x20000042   Data           2  delay.o(.data)
    .data                                    0x20000044   Section       60  filter.o(.data)
    angle                                    0x20000044   Data           4  filter.o(.data)
    angle_dot                                0x20000048   Data           4  filter.o(.data)
    P                                        0x2000004c   Data          16  filter.o(.data)
    q_bias                                   0x2000005c   Data           4  filter.o(.data)
    angle_err                                0x20000060   Data           4  filter.o(.data)
    PCt_0                                    0x20000064   Data           4  filter.o(.data)
    PCt_1                                    0x20000068   Data           4  filter.o(.data)
    E                                        0x2000006c   Data           4  filter.o(.data)
    K_0                                      0x20000070   Data           4  filter.o(.data)
    K_1                                      0x20000074   Data           4  filter.o(.data)
    t_0                                      0x20000078   Data           4  filter.o(.data)
    t_1                                      0x2000007c   Data           4  filter.o(.data)
    .data                                    0x20000080   Section        1  hc_sr04.o(.data)
    .data                                    0x20000084   Section       80  main.o(.data)
    .data                                    0x200000d4   Section       13  stm32f10x_it.o(.data)
    .data                                    0x200000e1   Section       20  stm32f10x_rcc.o(.data)
    APBAHBPrescTable                         0x200000e1   Data          16  stm32f10x_rcc.o(.data)
    ADCPrescTable                            0x200000f1   Data           4  stm32f10x_rcc.o(.data)
    .data                                    0x200000f8   Section       20  system_stm32f10x.o(.data)
    .bss                                     0x2000010c   Section       40  calculate.o(.bss)
    .bss                                     0x20000134   Section       16  filter.o(.bss)
    Pdot                                     0x20000134   Data          16  filter.o(.bss)
    .bss                                     0x20000144   Section      128  main.o(.bss)
    .bss                                     0x200001c4   Section       96  libspace.o(.bss)
    HEAP                                     0x20000228   Section      512  startup_stm32f10x_hd.o(HEAP)
    Heap_Mem                                 0x20000228   Data         512  startup_stm32f10x_hd.o(HEAP)
    STACK                                    0x20000428   Section     1024  startup_stm32f10x_hd.o(STACK)
    Stack_Mem                                0x20000428   Data        1024  startup_stm32f10x_hd.o(STACK)
    __initial_sp                             0x20000828   Data           0  startup_stm32f10x_hd.o(STACK)

    Global Symbols

    Symbol Name                              Value     Ov Type        Size  Object(Section)

    BuildAttributes$$THM_ISAv4$P$D$K$B$S$PE$A:L22UL41UL21$X:L11$S22US41US21$IEEE1$IW$USESV6$~STKCKD$USESV7$~SHL$OTIME$ROPI$IEEEX$EBA8$UX$STANDARDLIB$REQ8$PRES8$EABIv2 0x00000000   Number         0  anon$$obj.o ABSOLUTE
    __ARM_use_no_argv                        0x00000000   Number         0  main.o ABSOLUTE
    __ARM_exceptions_init                     - Undefined Weak Reference
    __alloca_initialize                       - Undefined Weak Reference
    __arm_preinit_                            - Undefined Weak Reference
    __cpp_initialize__aeabi_                  - Undefined Weak Reference
    __cxa_finalize                            - Undefined Weak Reference
    __rt_locale                               - Undefined Weak Reference
    __sigvec_lookup                           - Undefined Weak Reference
    _atexit_init                              - Undefined Weak Reference
    _call_atexit_fns                          - Undefined Weak Reference
    _clock_init                               - Undefined Weak Reference
    _fp_trap_init                             - Undefined Weak Reference
    _fp_trap_shutdown                         - Undefined Weak Reference
    _get_lc_collate                           - Undefined Weak Reference
    _get_lc_ctype                             - Undefined Weak Reference
    _get_lc_monetary                          - Undefined Weak Reference
    _get_lc_numeric                           - Undefined Weak Reference
    _get_lc_time                              - Undefined Weak Reference
    _getenv_init                              - Undefined Weak Reference
    _handle_redirection                       - Undefined Weak Reference
    _init_alloc                               - Undefined Weak Reference
    _init_user_alloc                          - Undefined Weak Reference
    _initio                                   - Undefined Weak Reference
    _rand_init                                - Undefined Weak Reference
    _signal_finish                            - Undefined Weak Reference
    _signal_init                              - Undefined Weak Reference
    _terminate_alloc                          - Undefined Weak Reference
    _terminate_user_alloc                     - Undefined Weak Reference
    _terminateio                              - Undefined Weak Reference
    __Vectors_Size                           0x00000130   Number         0  startup_stm32f10x_hd.o ABSOLUTE
    __Vectors                                0x08000000   Data           4  startup_stm32f10x_hd.o(RESET)
    __Vectors_End                            0x08000130   Data           0  startup_stm32f10x_hd.o(RESET)
    __main                                   0x08000131   Thumb Code     8  __main.o(!!!main)
    __scatterload                            0x08000139   Thumb Code     0  __scatter.o(!!!scatter)
    __scatterload_rt2                        0x08000139   Thumb Code    44  __scatter.o(!!!scatter)
    __scatterload_rt2_thumb_only             0x08000139   Thumb Code     0  __scatter.o(!!!scatter)
    __scatterload_null                       0x08000147   Thumb Code     0  __scatter.o(!!!scatter)
    __scatterload_copy                       0x0800016d   Thumb Code    26  __scatter_copy.o(!!handler_copy)
    __scatterload_zeroinit                   0x08000189   Thumb Code    28  __scatter_zi.o(!!handler_zi)
    __rt_lib_init                            0x080001a5   Thumb Code     0  libinit.o(.ARM.Collect$$libinit$$00000000)
    __rt_lib_init_alloca_1                   0x080001a7   Thumb Code     0  libinit2.o(.ARM.Collect$$libinit$$0000002E)
    __rt_lib_init_argv_1                     0x080001a7   Thumb Code     0  libinit2.o(.ARM.Collect$$libinit$$0000002C)
    __rt_lib_init_atexit_1                   0x080001a7   Thumb Code     0  libinit2.o(.ARM.Collect$$libinit$$0000001B)
    __rt_lib_init_clock_1                    0x080001a7   Thumb Code     0  libinit2.o(.ARM.Collect$$libinit$$00000021)
    __rt_lib_init_cpp_1                      0x080001a7   Thumb Code     0  libinit2.o(.ARM.Collect$$libinit$$00000032)
    __rt_lib_init_exceptions_1               0x080001a7   Thumb Code     0  libinit2.o(.ARM.Collect$$libinit$$00000030)
    __rt_lib_init_fp_1                       0x080001a7   Thumb Code     0  libinit2.o(.ARM.Collect$$libinit$$00000002)
    __rt_lib_init_fp_trap_1                  0x080001a7   Thumb Code     0  libinit2.o(.ARM.Collect$$libinit$$0000001F)
    __rt_lib_init_getenv_1                   0x080001a7   Thumb Code     0  libinit2.o(.ARM.Collect$$libinit$$00000023)
    __rt_lib_init_heap_1                     0x080001a7   Thumb Code     0  libinit2.o(.ARM.Collect$$libinit$$0000000A)
    __rt_lib_init_lc_collate_1               0x080001a7   Thumb Code     0  libinit2.o(.ARM.Collect$$libinit$$00000011)
    __rt_lib_init_lc_ctype_1                 0x080001a7   Thumb Code     0  libinit2.o(.ARM.Collect$$libinit$$00000013)
    __rt_lib_init_lc_monetary_1              0x080001a7   Thumb Code     0  libinit2.o(.ARM.Collect$$libinit$$00000015)
    __rt_lib_init_lc_numeric_1               0x080001a7   Thumb Code     0  libinit2.o(.ARM.Collect$$libinit$$00000017)
    __rt_lib_init_lc_time_1                  0x080001a7   Thumb Code     0  libinit2.o(.ARM.Collect$$libinit$$00000019)
    __rt_lib_init_preinit_1                  0x080001a7   Thumb Code     0  libinit2.o(.ARM.Collect$$libinit$$00000004)
    __rt_lib_init_rand_1                     0x080001a7   Thumb Code     0  libinit2.o(.ARM.Collect$$libinit$$0000000E)
    __rt_lib_init_return                     0x080001a7   Thumb Code     0  libinit2.o(.ARM.Collect$$libinit$$00000033)
    __rt_lib_init_signal_1                   0x080001a7   Thumb Code     0  libinit2.o(.ARM.Collect$$libinit$$0000001D)
    __rt_lib_init_stdio_1                    0x080001a7   Thumb Code     0  libinit2.o(.ARM.Collect$$libinit$$00000025)
    __rt_lib_init_user_alloc_1               0x080001a7   Thumb Code     0  libinit2.o(.ARM.Collect$$libinit$$0000000C)
    __rt_lib_shutdown                        0x080001a9   Thumb Code     0  libshutdown.o(.ARM.Collect$$libshutdown$$00000000)
    __rt_lib_shutdown_cpp_1                  0x080001ab   Thumb Code     0  libshutdown2.o(.ARM.Collect$$libshutdown$$00000002)
    __rt_lib_shutdown_fp_trap_1              0x080001ab   Thumb Code     0  libshutdown2.o(.ARM.Collect$$libshutdown$$00000007)
    __rt_lib_shutdown_heap_1                 0x080001ab   Thumb Code     0  libshutdown2.o(.ARM.Collect$$libshutdown$$0000000F)
    __rt_lib_shutdown_return                 0x080001ab   Thumb Code     0  libshutdown2.o(.ARM.Collect$$libshutdown$$00000010)
    __rt_lib_shutdown_signal_1               0x080001ab   Thumb Code     0  libshutdown2.o(.ARM.Collect$$libshutdown$$0000000A)
    __rt_lib_shutdown_stdio_1                0x080001ab   Thumb Code     0  libshutdown2.o(.ARM.Collect$$libshutdown$$00000004)
    __rt_lib_shutdown_user_alloc_1           0x080001ab   Thumb Code     0  libshutdown2.o(.ARM.Collect$$libshutdown$$0000000C)
    __rt_entry                               0x080001ad   Thumb Code     0  __rtentry.o(.ARM.Collect$$rtentry$$00000000)
    __rt_entry_presh_1                       0x080001ad   Thumb Code     0  __rtentry2.o(.ARM.Collect$$rtentry$$00000002)
    __rt_entry_sh                            0x080001ad   Thumb Code     0  __rtentry4.o(.ARM.Collect$$rtentry$$00000004)
    __rt_entry_li                            0x080001b3   Thumb Code     0  __rtentry2.o(.ARM.Collect$$rtentry$$0000000A)
    __rt_entry_postsh_1                      0x080001b3   Thumb Code     0  __rtentry2.o(.ARM.Collect$$rtentry$$00000009)
    __rt_entry_main                          0x080001b7   Thumb Code     0  __rtentry2.o(.ARM.Collect$$rtentry$$0000000D)
    __rt_entry_postli_1                      0x080001b7   Thumb Code     0  __rtentry2.o(.ARM.Collect$$rtentry$$0000000C)
    __rt_exit                                0x080001bf   Thumb Code     0  rtexit.o(.ARM.Collect$$rtexit$$00000000)
    __rt_exit_ls                             0x080001c1   Thumb Code     0  rtexit2.o(.ARM.Collect$$rtexit$$00000003)
    __rt_exit_prels_1                        0x080001c1   Thumb Code     0  rtexit2.o(.ARM.Collect$$rtexit$$00000002)
    __rt_exit_exit                           0x080001c5   Thumb Code     0  rtexit2.o(.ARM.Collect$$rtexit$$00000004)
    Reset_Handler                            0x080001cd   Thumb Code     8  startup_stm32f10x_hd.o(.text)
    ADC1_2_IRQHandler                        0x080001e7   Thumb Code     0  startup_stm32f10x_hd.o(.text)
    ADC3_IRQHandler                          0x080001e7   Thumb Code     0  startup_stm32f10x_hd.o(.text)
    CAN1_RX1_IRQHandler                      0x080001e7   Thumb Code     0  startup_stm32f10x_hd.o(.text)
    CAN1_SCE_IRQHandler                      0x080001e7   Thumb Code     0  startup_stm32f10x_hd.o(.text)
    DMA1_Channel1_IRQHandler                 0x080001e7   Thumb Code     0  startup_stm32f10x_hd.o(.text)
    DMA1_Channel2_IRQHandler                 0x080001e7   Thumb Code     0  startup_stm32f10x_hd.o(.text)
    DMA1_Channel3_IRQHandler                 0x080001e7   Thumb Code     0  startup_stm32f10x_hd.o(.text)
    DMA1_Channel4_IRQHandler                 0x080001e7   Thumb Code     0  startup_stm32f10x_hd.o(.text)
    DMA1_Channel5_IRQHandler                 0x080001e7   Thumb Code     0  startup_stm32f10x_hd.o(.text)
    DMA1_Channel6_IRQHandler                 0x080001e7   Thumb Code     0  startup_stm32f10x_hd.o(.text)
    DMA1_Channel7_IRQHandler                 0x080001e7   Thumb Code     0  startup_stm32f10x_hd.o(.text)
    DMA2_Channel1_IRQHandler                 0x080001e7   Thumb Code     0  startup_stm32f10x_hd.o(.text)
    DMA2_Channel2_IRQHandler                 0x080001e7   Thumb Code     0  startup_stm32f10x_hd.o(.text)
    DMA2_Channel3_IRQHandler                 0x080001e7   Thumb Code     0  startup_stm32f10x_hd.o(.text)
    DMA2_Channel4_5_IRQHandler               0x080001e7   Thumb Code     0  startup_stm32f10x_hd.o(.text)
    EXTI0_IRQHandler                         0x080001e7   Thumb Code     0  startup_stm32f10x_hd.o(.text)
    EXTI1_IRQHandler                         0x080001e7   Thumb Code     0  startup_stm32f10x_hd.o(.text)
    EXTI2_IRQHandler                         0x080001e7   Thumb Code     0  startup_stm32f10x_hd.o(.text)
    EXTI3_IRQHandler                         0x080001e7   Thumb Code     0  startup_stm32f10x_hd.o(.text)
    EXTI4_IRQHandler                         0x080001e7   Thumb Code     0  startup_stm32f10x_hd.o(.text)
    EXTI9_5_IRQHandler                       0x080001e7   Thumb Code     0  startup_stm32f10x_hd.o(.text)
    FLASH_IRQHandler                         0x080001e7   Thumb Code     0  startup_stm32f10x_hd.o(.text)
    FSMC_IRQHandler                          0x080001e7   Thumb Code     0  startup_stm32f10x_hd.o(.text)
    I2C1_ER_IRQHandler                       0x080001e7   Thumb Code     0  startup_stm32f10x_hd.o(.text)
    I2C1_EV_IRQHandler                       0x080001e7   Thumb Code     0  startup_stm32f10x_hd.o(.text)
    I2C2_ER_IRQHandler                       0x080001e7   Thumb Code     0  startup_stm32f10x_hd.o(.text)
    I2C2_EV_IRQHandler                       0x080001e7   Thumb Code     0  startup_stm32f10x_hd.o(.text)
    PVD_IRQHandler                           0x080001e7   Thumb Code     0  startup_stm32f10x_hd.o(.text)
    RCC_IRQHandler                           0x080001e7   Thumb Code     0  startup_stm32f10x_hd.o(.text)
    RTCAlarm_IRQHandler                      0x080001e7   Thumb Code     0  startup_stm32f10x_hd.o(.text)
    RTC_IRQHandler                           0x080001e7   Thumb Code     0  startup_stm32f10x_hd.o(.text)
    SDIO_IRQHandler                          0x080001e7   Thumb Code     0  startup_stm32f10x_hd.o(.text)
    SPI1_IRQHandler                          0x080001e7   Thumb Code     0  startup_stm32f10x_hd.o(.text)
    SPI2_IRQHandler                          0x080001e7   Thumb Code     0  startup_stm32f10x_hd.o(.text)
    SPI3_IRQHandler                          0x080001e7   Thumb Code     0  startup_stm32f10x_hd.o(.text)
    TAMPER_IRQHandler                        0x080001e7   Thumb Code     0  startup_stm32f10x_hd.o(.text)
    TIM1_BRK_IRQHandler                      0x080001e7   Thumb Code     0  startup_stm32f10x_hd.o(.text)
    TIM1_CC_IRQHandler                       0x080001e7   Thumb Code     0  startup_stm32f10x_hd.o(.text)
    TIM1_TRG_COM_IRQHandler                  0x080001e7   Thumb Code     0  startup_stm32f10x_hd.o(.text)
    TIM2_IRQHandler                          0x080001e7   Thumb Code     0  startup_stm32f10x_hd.o(.text)
    TIM4_IRQHandler                          0x080001e7   Thumb Code     0  startup_stm32f10x_hd.o(.text)
    TIM5_IRQHandler                          0x080001e7   Thumb Code     0  startup_stm32f10x_hd.o(.text)
    TIM6_IRQHandler                          0x080001e7   Thumb Code     0  startup_stm32f10x_hd.o(.text)
    TIM7_IRQHandler                          0x080001e7   Thumb Code     0  startup_stm32f10x_hd.o(.text)
    TIM8_BRK_IRQHandler                      0x080001e7   Thumb Code     0  startup_stm32f10x_hd.o(.text)
    TIM8_CC_IRQHandler                       0x080001e7   Thumb Code     0  startup_stm32f10x_hd.o(.text)
    TIM8_TRG_COM_IRQHandler                  0x080001e7   Thumb Code     0  startup_stm32f10x_hd.o(.text)
    TIM8_UP_IRQHandler                       0x080001e7   Thumb Code     0  startup_stm32f10x_hd.o(.text)
    UART4_IRQHandler                         0x080001e7   Thumb Code     0  startup_stm32f10x_hd.o(.text)
    UART5_IRQHandler                         0x080001e7   Thumb Code     0  startup_stm32f10x_hd.o(.text)
    USART1_IRQHandler                        0x080001e7   Thumb Code     0  startup_stm32f10x_hd.o(.text)
    USART3_IRQHandler                        0x080001e7   Thumb Code     0  startup_stm32f10x_hd.o(.text)
    USBWakeUp_IRQHandler                     0x080001e7   Thumb Code     0  startup_stm32f10x_hd.o(.text)
    USB_HP_CAN1_TX_IRQHandler                0x080001e7   Thumb Code     0  startup_stm32f10x_hd.o(.text)
    USB_LP_CAN1_RX0_IRQHandler               0x080001e7   Thumb Code     0  startup_stm32f10x_hd.o(.text)
    WWDG_IRQHandler                          0x080001e7   Thumb Code     0  startup_stm32f10x_hd.o(.text)
    __user_initial_stackheap                 0x080001e9   Thumb Code     0  startup_stm32f10x_hd.o(.text)
    motor_init                               0x0800020d   Thumb Code   398  calculate.o(.text)
    receive_parameter                        0x0800039b   Thumb Code   526  calculate.o(.text)
    speed_filter                             0x080005a9   Thumb Code    90  calculate.o(.text)
    pid                                      0x08000603   Thumb Code   852  calculate.o(.text)
    delay_init                               0x080009ad   Thumb Code    52  delay.o(.text)
    delay_ms                                 0x080009e1   Thumb Code    56  delay.o(.text)
    delay_us                                 0x08000a19   Thumb Code    56  delay.o(.text)
    kalman_filter                            0x08000a59   Thumb Code   524  filter.o(.text)
    gpio_init                                0x08000ca1   Thumb Code    48  gpio.o(.text)
    HCSR04_Init                              0x08000cfd   Thumb Code   120  hc_sr04.o(.text)
    measure_distance                         0x08000d75   Thumb Code   176  hc_sr04.o(.text)
    iic_init                                 0x08000e3d   Thumb Code   120  iic.o(.text)
    iic_rw                                   0x08000eb5   Thumb Code   286  iic.o(.text)
    delay                                    0x08000fe9   Thumb Code    10  main.o(.text)
    acc_filter                               0x08000ff3   Thumb Code   178  main.o(.text)
    servopulse                               0x080010a5   Thumb Code     6  main.o(.text)
    main                                     0x080010ab   Thumb Code   432  main.o(.text)
    mpu6050_init                             0x08001315   Thumb Code   142  mpu6050.o(.text)
    mpu6050_get_data                         0x080013a3   Thumb Code   162  mpu6050.o(.text)
    NMI_Handler                              0x08001445   Thumb Code     2  stm32f10x_it.o(.text)
    HardFault_Handler                        0x08001447   Thumb Code     4  stm32f10x_it.o(.text)
    MemManage_Handler                        0x0800144b   Thumb Code     4  stm32f10x_it.o(.text)
    BusFault_Handler                         0x0800144f   Thumb Code     4  stm32f10x_it.o(.text)
    UsageFault_Handler                       0x08001453   Thumb Code     4  stm32f10x_it.o(.text)
    SVC_Handler                              0x08001457   Thumb Code     2  stm32f10x_it.o(.text)
    DebugMon_Handler                         0x08001459   Thumb Code     2  stm32f10x_it.o(.text)
    PendSV_Handler                           0x0800145b   Thumb Code     2  stm32f10x_it.o(.text)
    SysTick_Handler                          0x0800145d   Thumb Code     2  stm32f10x_it.o(.text)
    TIM3_IRQHandler                          0x0800145f   Thumb Code   216  stm32f10x_it.o(.text)
    TIM1_UP_IRQHandler                       0x08001537   Thumb Code    18  stm32f10x_it.o(.text)
    EXTI15_10_IRQHandler                     0x08001549   Thumb Code   138  stm32f10x_it.o(.text)
    USART2_IRQHandler                        0x080015d3   Thumb Code    36  stm32f10x_it.o(.text)
    TIM1_NVIC_Configuration                  0x08001645   Thumb Code    42  time_test.o(.text)
    TIM1_Configuration                       0x0800166f   Thumb Code    80  time_test.o(.text)
    timer_init                               0x080016c5   Thumb Code    90  timer.o(.text)
    usart_init                               0x08001725   Thumb Code   230  usart.o(.text)
    USART_SendChar                           0x0800180b   Thumb Code    30  usart.o(.text)
    USART_SendString                         0x08001829   Thumb Code    40  usart.o(.text)
    USART_SendStringwithEnter                0x08001851   Thumb Code    56  usart.o(.text)
    USART_SendStringWithData                 0x08001889   Thumb Code    90  usart.o(.text)
    USART_SendStringData                     0x080018e3   Thumb Code    50  usart.o(.text)
    fputc                                    0x08001915   Thumb Code    32  usart.o(.text)
    USART_printf                             0x08001997   Thumb Code   262  usart.o(.text)
    NVIC_PriorityGroupConfig                 0x08001aa9   Thumb Code    10  misc.o(.text)
    NVIC_Init                                0x08001ab3   Thumb Code   100  misc.o(.text)
    NVIC_SetVectorTable                      0x08001b17   Thumb Code    14  misc.o(.text)
    NVIC_SystemLPConfig                      0x08001b25   Thumb Code    34  misc.o(.text)
    SysTick_CLKSourceConfig                  0x08001b47   Thumb Code    40  misc.o(.text)
    EXTI_DeInit                              0x08001b85   Thumb Code    28  stm32f10x_exti.o(.text)
    EXTI_Init                                0x08001ba1   Thumb Code   142  stm32f10x_exti.o(.text)
    EXTI_StructInit                          0x08001c2f   Thumb Code    16  stm32f10x_exti.o(.text)
    EXTI_GenerateSWInterrupt                 0x08001c3f   Thumb Code    16  stm32f10x_exti.o(.text)
    EXTI_GetFlagStatus                       0x08001c4f   Thumb Code    22  stm32f10x_exti.o(.text)
    EXTI_ClearFlag                           0x08001c65   Thumb Code     8  stm32f10x_exti.o(.text)
    EXTI_GetITStatus                         0x08001c6d   Thumb Code    34  stm32f10x_exti.o(.text)
    EXTI_ClearITPendingBit                   0x08001c8f   Thumb Code     8  stm32f10x_exti.o(.text)
    GPIO_DeInit                              0x08001ca1   Thumb Code   172  stm32f10x_gpio.o(.text)
    GPIO_AFIODeInit                          0x08001d4d   Thumb Code    20  stm32f10x_gpio.o(.text)
    GPIO_Init                                0x08001d61   Thumb Code   278  stm32f10x_gpio.o(.text)
    GPIO_StructInit                          0x08001e77   Thumb Code    16  stm32f10x_gpio.o(.text)
    GPIO_ReadInputDataBit                    0x08001e87   Thumb Code    18  stm32f10x_gpio.o(.text)
    GPIO_ReadInputData                       0x08001e99   Thumb Code     8  stm32f10x_gpio.o(.text)
    GPIO_ReadOutputDataBit                   0x08001ea1   Thumb Code    18  stm32f10x_gpio.o(.text)
    GPIO_ReadOutputData                      0x08001eb3   Thumb Code     8  stm32f10x_gpio.o(.text)
    GPIO_SetBits                             0x08001ebb   Thumb Code     4  stm32f10x_gpio.o(.text)
    GPIO_ResetBits                           0x08001ebf   Thumb Code     4  stm32f10x_gpio.o(.text)
    GPIO_WriteBit                            0x08001ec3   Thumb Code    10  stm32f10x_gpio.o(.text)
    GPIO_Write                               0x08001ecd   Thumb Code     4  stm32f10x_gpio.o(.text)
    GPIO_PinLockConfig                       0x08001ed1   Thumb Code    18  stm32f10x_gpio.o(.text)
    GPIO_EventOutputConfig                   0x08001ee3   Thumb Code    26  stm32f10x_gpio.o(.text)
    GPIO_EventOutputCmd                      0x08001efd   Thumb Code     6  stm32f10x_gpio.o(.text)
    GPIO_PinRemapConfig                      0x08001f03   Thumb Code   138  stm32f10x_gpio.o(.text)
    GPIO_EXTILineConfig                      0x08001f8d   Thumb Code    66  stm32f10x_gpio.o(.text)
    GPIO_ETH_MediaInterfaceConfig            0x08001fcf   Thumb Code     8  stm32f10x_gpio.o(.text)
    I2C_DeInit                               0x08001ffd   Thumb Code    50  stm32f10x_i2c.o(.text)
    I2C_Init                                 0x0800202f   Thumb Code   222  stm32f10x_i2c.o(.text)
    I2C_StructInit                           0x0800210d   Thumb Code    30  stm32f10x_i2c.o(.text)
    I2C_Cmd                                  0x0800212b   Thumb Code    24  stm32f10x_i2c.o(.text)
    I2C_DMACmd                               0x08002143   Thumb Code    24  stm32f10x_i2c.o(.text)
    I2C_DMALastTransferCmd                   0x0800215b   Thumb Code    24  stm32f10x_i2c.o(.text)
    I2C_GenerateSTART                        0x08002173   Thumb Code    24  stm32f10x_i2c.o(.text)
    I2C_GenerateSTOP                         0x0800218b   Thumb Code    24  stm32f10x_i2c.o(.text)
    I2C_AcknowledgeConfig                    0x080021a3   Thumb Code    24  stm32f10x_i2c.o(.text)
    I2C_OwnAddress2Config                    0x080021bb   Thumb Code    22  stm32f10x_i2c.o(.text)
    I2C_DualAddressCmd                       0x080021d1   Thumb Code    24  stm32f10x_i2c.o(.text)
    I2C_GeneralCallCmd                       0x080021e9   Thumb Code    24  stm32f10x_i2c.o(.text)
    I2C_ITConfig                             0x08002201   Thumb Code    18  stm32f10x_i2c.o(.text)
    I2C_SendData                             0x08002213   Thumb Code     4  stm32f10x_i2c.o(.text)
    I2C_ReceiveData                          0x08002217   Thumb Code     8  stm32f10x_i2c.o(.text)
    I2C_Send7bitAddress                      0x0800221f   Thumb Code    18  stm32f10x_i2c.o(.text)
    I2C_ReadRegister                         0x08002231   Thumb Code    22  stm32f10x_i2c.o(.text)
    I2C_SoftwareResetCmd                     0x08002247   Thumb Code    22  stm32f10x_i2c.o(.text)
    I2C_NACKPositionConfig                   0x0800225d   Thumb Code    28  stm32f10x_i2c.o(.text)
    I2C_SMBusAlertConfig                     0x08002279   Thumb Code    28  stm32f10x_i2c.o(.text)
    I2C_TransmitPEC                          0x08002295   Thumb Code    24  stm32f10x_i2c.o(.text)
    I2C_PECPositionConfig                    0x080022ad   Thumb Code    28  stm32f10x_i2c.o(.text)
    I2C_CalculatePEC                         0x080022c9   Thumb Code    24  stm32f10x_i2c.o(.text)
    I2C_GetPEC                               0x080022e1   Thumb Code     8  stm32f10x_i2c.o(.text)
    I2C_ARPCmd                               0x080022e9   Thumb Code    24  stm32f10x_i2c.o(.text)
    I2C_StretchClockCmd                      0x08002301   Thumb Code    24  stm32f10x_i2c.o(.text)
    I2C_FastModeDutyCycleConfig              0x08002319   Thumb Code    28  stm32f10x_i2c.o(.text)
    I2C_CheckEvent                           0x08002335   Thumb Code    42  stm32f10x_i2c.o(.text)
    I2C_GetLastEvent                         0x0800235f   Thumb Code    26  stm32f10x_i2c.o(.text)
    I2C_GetFlagStatus                        0x08002379   Thumb Code    58  stm32f10x_i2c.o(.text)
    I2C_ClearFlag                            0x080023b3   Thumb Code    12  stm32f10x_i2c.o(.text)
    I2C_GetITStatus                          0x080023bf   Thumb Code    54  stm32f10x_i2c.o(.text)
    I2C_ClearITPendingBit                    0x080023f5   Thumb Code    12  stm32f10x_i2c.o(.text)
    RCC_DeInit                               0x08002401   Thumb Code    64  stm32f10x_rcc.o(.text)
    RCC_HSEConfig                            0x08002441   Thumb Code    70  stm32f10x_rcc.o(.text)
    RCC_GetFlagStatus                        0x08002487   Thumb Code    56  stm32f10x_rcc.o(.text)
    RCC_WaitForHSEStartUp                    0x080024bf   Thumb Code    56  stm32f10x_rcc.o(.text)
    RCC_AdjustHSICalibrationValue            0x080024f7   Thumb Code    20  stm32f10x_rcc.o(.text)
    RCC_HSICmd                               0x0800250b   Thumb Code     6  stm32f10x_rcc.o(.text)
    RCC_PLLConfig                            0x08002511   Thumb Code    24  stm32f10x_rcc.o(.text)
    RCC_PLLCmd                               0x08002529   Thumb Code     6  stm32f10x_rcc.o(.text)
    RCC_SYSCLKConfig                         0x0800252f   Thumb Code    18  stm32f10x_rcc.o(.text)
    RCC_GetSYSCLKSource                      0x08002541   Thumb Code    10  stm32f10x_rcc.o(.text)
    RCC_HCLKConfig                           0x0800254b   Thumb Code    18  stm32f10x_rcc.o(.text)
    RCC_PCLK1Config                          0x0800255d   Thumb Code    18  stm32f10x_rcc.o(.text)
    RCC_PCLK2Config                          0x0800256f   Thumb Code    20  stm32f10x_rcc.o(.text)
    RCC_ITConfig                             0x08002583   Thumb Code    26  stm32f10x_rcc.o(.text)
    RCC_USBCLKConfig                         0x0800259d   Thumb Code     8  stm32f10x_rcc.o(.text)
    RCC_ADCCLKConfig                         0x080025a5   Thumb Code    18  stm32f10x_rcc.o(.text)
    RCC_LSEConfig                            0x080025b7   Thumb Code    50  stm32f10x_rcc.o(.text)
    RCC_LSICmd                               0x080025e9   Thumb Code     6  stm32f10x_rcc.o(.text)
    RCC_RTCCLKConfig                         0x080025ef   Thumb Code    12  stm32f10x_rcc.o(.text)
    RCC_RTCCLKCmd                            0x080025fb   Thumb Code     8  stm32f10x_rcc.o(.text)
    RCC_GetClocksFreq                        0x08002603   Thumb Code   192  stm32f10x_rcc.o(.text)
    RCC_AHBPeriphClockCmd                    0x080026c3   Thumb Code    26  stm32f10x_rcc.o(.text)
    RCC_APB2PeriphClockCmd                   0x080026dd   Thumb Code    26  stm32f10x_rcc.o(.text)
    RCC_APB1PeriphClockCmd                   0x080026f7   Thumb Code    26  stm32f10x_rcc.o(.text)
    RCC_APB2PeriphResetCmd                   0x08002711   Thumb Code    26  stm32f10x_rcc.o(.text)
    RCC_APB1PeriphResetCmd                   0x0800272b   Thumb Code    26  stm32f10x_rcc.o(.text)
    RCC_BackupResetCmd                       0x08002745   Thumb Code     8  stm32f10x_rcc.o(.text)
    RCC_ClockSecuritySystemCmd               0x0800274d   Thumb Code     6  stm32f10x_rcc.o(.text)
    RCC_MCOConfig                            0x08002753   Thumb Code     6  stm32f10x_rcc.o(.text)
    RCC_ClearFlag                            0x08002759   Thumb Code    14  stm32f10x_rcc.o(.text)
    RCC_GetITStatus                          0x08002767   Thumb Code    20  stm32f10x_rcc.o(.text)
    RCC_ClearITPendingBit                    0x0800277b   Thumb Code     6  stm32f10x_rcc.o(.text)
    TIM_DeInit                               0x080027a5   Thumb Code   424  stm32f10x_tim.o(.text)
    TIM_TimeBaseInit                         0x0800294d   Thumb Code   122  stm32f10x_tim.o(.text)
    TIM_OC1Init                              0x080029c7   Thumb Code   132  stm32f10x_tim.o(.text)
    TIM_OC2Init                              0x08002a4b   Thumb Code   154  stm32f10x_tim.o(.text)
    TIM_OC3Init                              0x08002ae5   Thumb Code   150  stm32f10x_tim.o(.text)
    TIM_OC4Init                              0x08002b7b   Thumb Code   182  stm32f10x_tim.o(.text)
    TIM_SetIC4Prescaler                      0x08002c31   Thumb Code    26  stm32f10x_tim.o(.text)
    TIM_SetIC3Prescaler                      0x08002ccd   Thumb Code    18  stm32f10x_tim.o(.text)
    TIM_SetIC2Prescaler                      0x08002d59   Thumb Code    26  stm32f10x_tim.o(.text)
    TIM_SetIC1Prescaler                      0x08002df5   Thumb Code    18  stm32f10x_tim.o(.text)
    TIM_ICInit                               0x08002e73   Thumb Code   150  stm32f10x_tim.o(.text)
    TIM_PWMIConfig                           0x08002f09   Thumb Code   124  stm32f10x_tim.o(.text)
    TIM_BDTRConfig                           0x08002f85   Thumb Code    32  stm32f10x_tim.o(.text)
    TIM_TimeBaseStructInit                   0x08002fa5   Thumb Code    18  stm32f10x_tim.o(.text)
    TIM_OCStructInit                         0x08002fb7   Thumb Code    20  stm32f10x_tim.o(.text)
    TIM_ICStructInit                         0x08002fcb   Thumb Code    18  stm32f10x_tim.o(.text)
    TIM_BDTRStructInit                       0x08002fdd   Thumb Code    40  stm32f10x_tim.o(.text)
    TIM_Cmd                                  0x08003005   Thumb Code    24  stm32f10x_tim.o(.text)
    TIM_CtrlPWMOutputs                       0x0800301d   Thumb Code    30  stm32f10x_tim.o(.text)
    TIM_ITConfig                             0x0800303b   Thumb Code    18  stm32f10x_tim.o(.text)
    TIM_GenerateEvent                        0x0800304d   Thumb Code     4  stm32f10x_tim.o(.text)
    TIM_DMAConfig                            0x08003051   Thumb Code    10  stm32f10x_tim.o(.text)
    TIM_DMACmd                               0x0800305b   Thumb Code    18  stm32f10x_tim.o(.text)
    TIM_InternalClockConfig                  0x0800306d   Thumb Code    12  stm32f10x_tim.o(.text)
    TIM_SelectInputTrigger                   0x08003079   Thumb Code    18  stm32f10x_tim.o(.text)
    TIM_ITRxExternalClockConfig              0x0800308b   Thumb Code    24  stm32f10x_tim.o(.text)
    TIM_TIxExternalClockConfig               0x080030a3   Thumb Code    62  stm32f10x_tim.o(.text)
    TIM_ETRConfig                            0x080030e1   Thumb Code    28  stm32f10x_tim.o(.text)
    TIM_ETRClockMode1Config                  0x080030fd   Thumb Code    54  stm32f10x_tim.o(.text)
    TIM_ETRClockMode2Config                  0x08003133   Thumb Code    32  stm32f10x_tim.o(.text)
    TIM_PrescalerConfig                      0x08003153   Thumb Code     6  stm32f10x_tim.o(.text)
    TIM_CounterModeConfig                    0x08003159   Thumb Code    18  stm32f10x_tim.o(.text)
    TIM_EncoderInterfaceConfig               0x0800316b   Thumb Code    66  stm32f10x_tim.o(.text)
    TIM_ForcedOC1Config                      0x080031ad   Thumb Code    18  stm32f10x_tim.o(.text)
    TIM_ForcedOC2Config                      0x080031bf   Thumb Code    26  stm32f10x_tim.o(.text)
    TIM_ForcedOC3Config                      0x080031d9   Thumb Code    18  stm32f10x_tim.o(.text)
    TIM_ForcedOC4Config                      0x080031eb   Thumb Code    26  stm32f10x_tim.o(.text)
    TIM_ARRPreloadConfig                     0x08003205   Thumb Code    24  stm32f10x_tim.o(.text)
    TIM_SelectCOM                            0x0800321d   Thumb Code    24  stm32f10x_tim.o(.text)
    TIM_SelectCCDMA                          0x08003235   Thumb Code    24  stm32f10x_tim.o(.text)
    TIM_CCPreloadControl                     0x0800324d   Thumb Code    24  stm32f10x_tim.o(.text)
    TIM_OC1PreloadConfig                     0x08003265   Thumb Code    18  stm32f10x_tim.o(.text)
    TIM_OC2PreloadConfig                     0x08003277   Thumb Code    26  stm32f10x_tim.o(.text)
    TIM_OC3PreloadConfig                     0x08003291   Thumb Code    18  stm32f10x_tim.o(.text)
    TIM_OC4PreloadConfig                     0x080032a3   Thumb Code    26  stm32f10x_tim.o(.text)
    TIM_OC1FastConfig                        0x080032bd   Thumb Code    18  stm32f10x_tim.o(.text)
    TIM_OC2FastConfig                        0x080032cf   Thumb Code    26  stm32f10x_tim.o(.text)
    TIM_OC3FastConfig                        0x080032e9   Thumb Code    18  stm32f10x_tim.o(.text)
    TIM_OC4FastConfig                        0x080032fb   Thumb Code    26  stm32f10x_tim.o(.text)
    TIM_ClearOC1Ref                          0x08003315   Thumb Code    18  stm32f10x_tim.o(.text)
    TIM_ClearOC2Ref                          0x08003327   Thumb Code    24  stm32f10x_tim.o(.text)
    TIM_ClearOC3Ref                          0x0800333f   Thumb Code    18  stm32f10x_tim.o(.text)
    TIM_ClearOC4Ref                          0x08003351   Thumb Code    24  stm32f10x_tim.o(.text)
    TIM_OC1PolarityConfig                    0x08003369   Thumb Code    18  stm32f10x_tim.o(.text)
    TIM_OC1NPolarityConfig                   0x0800337b   Thumb Code    18  stm32f10x_tim.o(.text)
    TIM_OC2PolarityConfig                    0x0800338d   Thumb Code    26  stm32f10x_tim.o(.text)
    TIM_OC2NPolarityConfig                   0x080033a7   Thumb Code    26  stm32f10x_tim.o(.text)
    TIM_OC3PolarityConfig                    0x080033c1   Thumb Code    26  stm32f10x_tim.o(.text)
    TIM_OC3NPolarityConfig                   0x080033db   Thumb Code    26  stm32f10x_tim.o(.text)
    TIM_OC4PolarityConfig                    0x080033f5   Thumb Code    26  stm32f10x_tim.o(.text)
    TIM_CCxCmd                               0x0800340f   Thumb Code    30  stm32f10x_tim.o(.text)
    TIM_CCxNCmd                              0x0800342d   Thumb Code    30  stm32f10x_tim.o(.text)
    TIM_SelectOCxM                           0x0800344b   Thumb Code    82  stm32f10x_tim.o(.text)
    TIM_UpdateDisableConfig                  0x0800349d   Thumb Code    24  stm32f10x_tim.o(.text)
    TIM_UpdateRequestConfig                  0x080034b5   Thumb Code    24  stm32f10x_tim.o(.text)
    TIM_SelectHallSensor                     0x080034cd   Thumb Code    24  stm32f10x_tim.o(.text)
    TIM_SelectOnePulseMode                   0x080034e5   Thumb Code    18  stm32f10x_tim.o(.text)
    TIM_SelectOutputTrigger                  0x080034f7   Thumb Code    18  stm32f10x_tim.o(.text)
    TIM_SelectSlaveMode                      0x08003509   Thumb Code    18  stm32f10x_tim.o(.text)
    TIM_SelectMasterSlaveMode                0x0800351b   Thumb Code    18  stm32f10x_tim.o(.text)
    TIM_SetCounter                           0x0800352d   Thumb Code     4  stm32f10x_tim.o(.text)
    TIM_SetAutoreload                        0x08003531   Thumb Code     4  stm32f10x_tim.o(.text)
    TIM_SetCompare1                          0x08003535   Thumb Code     4  stm32f10x_tim.o(.text)
    TIM_SetCompare2                          0x08003539   Thumb Code     4  stm32f10x_tim.o(.text)
    TIM_SetCompare3                          0x0800353d   Thumb Code     4  stm32f10x_tim.o(.text)
    TIM_SetCompare4                          0x08003541   Thumb Code     6  stm32f10x_tim.o(.text)
    TIM_SetClockDivision                     0x08003547   Thumb Code    18  stm32f10x_tim.o(.text)
    TIM_GetCapture1                          0x08003559   Thumb Code     6  stm32f10x_tim.o(.text)
    TIM_GetCapture2                          0x0800355f   Thumb Code     6  stm32f10x_tim.o(.text)
    TIM_GetCapture3                          0x08003565   Thumb Code     6  stm32f10x_tim.o(.text)
    TIM_GetCapture4                          0x0800356b   Thumb Code     8  stm32f10x_tim.o(.text)
    TIM_GetCounter                           0x08003573   Thumb Code     6  stm32f10x_tim.o(.text)
    TIM_GetPrescaler                         0x08003579   Thumb Code     6  stm32f10x_tim.o(.text)
    TIM_GetFlagStatus                        0x0800357f   Thumb Code    18  stm32f10x_tim.o(.text)
    TIM_ClearFlag                            0x08003591   Thumb Code     6  stm32f10x_tim.o(.text)
    TIM_GetITStatus                          0x08003597   Thumb Code    34  stm32f10x_tim.o(.text)
    TIM_ClearITPendingBit                    0x080035b9   Thumb Code     6  stm32f10x_tim.o(.text)
    USART_DeInit                             0x080035c1   Thumb Code   134  stm32f10x_usart.o(.text)
    USART_Init                               0x08003647   Thumb Code   210  stm32f10x_usart.o(.text)
    USART_StructInit                         0x08003719   Thumb Code    24  stm32f10x_usart.o(.text)
    USART_ClockInit                          0x08003731   Thumb Code    34  stm32f10x_usart.o(.text)
    USART_ClockStructInit                    0x08003753   Thumb Code    12  stm32f10x_usart.o(.text)
    USART_Cmd                                0x0800375f   Thumb Code    24  stm32f10x_usart.o(.text)
    USART_ITConfig                           0x08003777   Thumb Code    74  stm32f10x_usart.o(.text)
    USART_DMACmd                             0x080037c1   Thumb Code    18  stm32f10x_usart.o(.text)
    USART_SetAddress                         0x080037d3   Thumb Code    18  stm32f10x_usart.o(.text)
    USART_WakeUpConfig                       0x080037e5   Thumb Code    18  stm32f10x_usart.o(.text)
    USART_ReceiverWakeUpCmd                  0x080037f7   Thumb Code    24  stm32f10x_usart.o(.text)
    USART_LINBreakDetectLengthConfig         0x0800380f   Thumb Code    18  stm32f10x_usart.o(.text)
    USART_LINCmd                             0x08003821   Thumb Code    24  stm32f10x_usart.o(.text)
    USART_SendData                           0x08003839   Thumb Code     8  stm32f10x_usart.o(.text)
    USART_ReceiveData                        0x08003841   Thumb Code    10  stm32f10x_usart.o(.text)
    USART_SendBreak                          0x0800384b   Thumb Code    10  stm32f10x_usart.o(.text)
    USART_SetGuardTime                       0x08003855   Thumb Code    16  stm32f10x_usart.o(.text)
    USART_SetPrescaler                       0x08003865   Thumb Code    16  stm32f10x_usart.o(.text)
    USART_SmartCardCmd                       0x08003875   Thumb Code    24  stm32f10x_usart.o(.text)
    USART_SmartCardNACKCmd                   0x0800388d   Thumb Code    24  stm32f10x_usart.o(.text)
    USART_HalfDuplexCmd                      0x080038a5   Thumb Code    24  stm32f10x_usart.o(.text)
    USART_OverSampling8Cmd                   0x080038bd   Thumb Code    22  stm32f10x_usart.o(.text)
    USART_OneBitMethodCmd                    0x080038d3   Thumb Code    24  stm32f10x_usart.o(.text)
    USART_IrDAConfig                         0x080038eb   Thumb Code    18  stm32f10x_usart.o(.text)
    USART_IrDACmd                            0x080038fd   Thumb Code    24  stm32f10x_usart.o(.text)
    USART_GetFlagStatus                      0x08003915   Thumb Code    26  stm32f10x_usart.o(.text)
    USART_ClearFlag                          0x0800392f   Thumb Code    18  stm32f10x_usart.o(.text)
    USART_GetITStatus                        0x08003941   Thumb Code    84  stm32f10x_usart.o(.text)
    USART_ClearITPendingBit                  0x08003995   Thumb Code    52  stm32f10x_usart.o(.text)
    SystemInit                               0x08003aa7   Thumb Code    78  system_stm32f10x.o(.text)
    SystemCoreClockUpdate                    0x08003af5   Thumb Code   142  system_stm32f10x.o(.text)
    __use_two_region_memory                  0x08003ba9   Thumb Code     2  heapauxi.o(.text)
    __rt_heap_escrow$2region                 0x08003bab   Thumb Code     2  heapauxi.o(.text)
    __rt_heap_expand$2region                 0x08003bad   Thumb Code     2  heapauxi.o(.text)
    __read_errno                             0x08003baf   Thumb Code    10  _rserrno.o(.text)
    __set_errno                              0x08003bb9   Thumb Code    12  _rserrno.o(.text)
    __aeabi_errno_addr                       0x08003bc5   Thumb Code     8  rt_errno_addr_intlibspace.o(.text)
    __errno$intlibspace                      0x08003bc5   Thumb Code     0  rt_errno_addr_intlibspace.o(.text)
    __rt_errno_addr$intlibspace              0x08003bc5   Thumb Code     0  rt_errno_addr_intlibspace.o(.text)
    __user_libspace                          0x08003bcd   Thumb Code     8  libspace.o(.text)
    __user_perproc_libspace                  0x08003bcd   Thumb Code     0  libspace.o(.text)
    __user_perthread_libspace                0x08003bcd   Thumb Code     0  libspace.o(.text)
    __user_setup_stackheap                   0x08003bd5   Thumb Code    74  sys_stackheap_outer.o(.text)
    exit                                     0x08003c1f   Thumb Code    18  exit.o(.text)
    _sys_exit                                0x08003c31   Thumb Code     8  sys_exit.o(.text)
    __I$use$semihosting                      0x08003c3d   Thumb Code     0  use_no_semi.o(.text)
    __use_no_semihosting_swi                 0x08003c3d   Thumb Code     2  use_no_semi.o(.text)
    __ARM_fpclassify                         0x08003c3f   Thumb Code    40  fpclassify.o(i.__ARM_fpclassify)
    __semihosting_library_function           0x08003c3f   Thumb Code     0  indicate_semi.o(.text)
    __kernel_poly                            0x08003c67   Thumb Code   170  poly.o(i.__kernel_poly)
    __mathlib_dbl_infnan                     0x08003d11   Thumb Code     6  dunder.o(i.__mathlib_dbl_infnan)
    __mathlib_dbl_underflow                  0x08003d19   Thumb Code    10  dunder.o(i.__mathlib_dbl_underflow)
    atan                                     0x08003d29   Thumb Code   474  atan.o(i.atan)
    sqrt                                     0x08003f49   Thumb Code    76  sqrt.o(i.sqrt)
    __aeabi_d2f                              0x08003f95   Thumb Code     0  d2f.o(x$fpl$d2f)
    _d2f                                     0x08003f95   Thumb Code    98  d2f.o(x$fpl$d2f)
    __aeabi_dadd                             0x08003ff9   Thumb Code     0  daddsub_clz.o(x$fpl$dadd)
    _dadd                                    0x08003ff9   Thumb Code   332  daddsub_clz.o(x$fpl$dadd)
    __fpl_dcheck_NaN1                        0x08004149   Thumb Code    10  dcheck1.o(x$fpl$dcheck1)
    __fpl_dcmp_Inf                           0x08004159   Thumb Code    24  dcmpi.o(x$fpl$dcmpinf)
    __aeabi_ddiv                             0x08004171   Thumb Code     0  ddiv.o(x$fpl$ddiv)
    _ddiv                                    0x08004171   Thumb Code   552  ddiv.o(x$fpl$ddiv)
    __aeabi_i2d                              0x08004421   Thumb Code     0  dflt_clz.o(x$fpl$dflt)
    _dflt                                    0x08004421   Thumb Code    46  dflt_clz.o(x$fpl$dflt)
    __aeabi_cdcmple                          0x08004451   Thumb Code     0  dleqf.o(x$fpl$dleqf)
    _dcmple                                  0x08004451   Thumb Code   120  dleqf.o(x$fpl$dleqf)
    __fpl_dcmple_InfNaN                      0x080044b3   Thumb Code     0  dleqf.o(x$fpl$dleqf)
    __aeabi_dmul                             0x080044c9   Thumb Code     0  dmul.o(x$fpl$dmul)
    _dmul                                    0x080044c9   Thumb Code   332  dmul.o(x$fpl$dmul)
    __fpl_dnaninf                            0x0800461d   Thumb Code   156  dnaninf.o(x$fpl$dnaninf)
    __fpl_dretinf                            0x080046b9   Thumb Code    12  dretinf.o(x$fpl$dretinf)
    __aeabi_cdrcmple                         0x080046c5   Thumb Code     0  drleqf.o(x$fpl$drleqf)
    _drcmple                                 0x080046c5   Thumb Code   108  drleqf.o(x$fpl$drleqf)
    __aeabi_drsub                            0x08004731   Thumb Code     0  daddsub_clz.o(x$fpl$drsb)
    _drsb                                    0x08004731   Thumb Code    22  daddsub_clz.o(x$fpl$drsb)
    _dsqrt                                   0x08004749   Thumb Code   456  dsqrt_noumaal.o(x$fpl$dsqrt)
    __aeabi_dsub                             0x08004915   Thumb Code     0  daddsub_clz.o(x$fpl$dsub)
    _dsub                                    0x08004915   Thumb Code   464  daddsub_clz.o(x$fpl$dsub)
    __aeabi_f2d                              0x08004ae9   Thumb Code     0  f2d.o(x$fpl$f2d)
    _f2d                                     0x08004ae9   Thumb Code    86  f2d.o(x$fpl$f2d)
    __aeabi_fadd                             0x08004b41   Thumb Code     0  faddsub_clz.o(x$fpl$fadd)
    _fadd                                    0x08004b41   Thumb Code   196  faddsub_clz.o(x$fpl$fadd)
    __aeabi_fdiv                             0x08004c05   Thumb Code     0  fdiv.o(x$fpl$fdiv)
    _fdiv                                    0x08004c05   Thumb Code   384  fdiv.o(x$fpl$fdiv)
    __aeabi_f2iz                             0x08004d89   Thumb Code     0  ffix.o(x$fpl$ffix)
    _ffix                                    0x08004d89   Thumb Code    54  ffix.o(x$fpl$ffix)
    __aeabi_i2f                              0x08004dc1   Thumb Code     0  fflt_clz.o(x$fpl$fflt)
    _fflt                                    0x08004dc1   Thumb Code    48  fflt_clz.o(x$fpl$fflt)
    __aeabi_fmul                             0x08004df1   Thumb Code     0  fmul.o(x$fpl$fmul)
    _fmul                                    0x08004df1   Thumb Code   258  fmul.o(x$fpl$fmul)
    __fpl_fnaninf                            0x08004ef3   Thumb Code   140  fnaninf.o(x$fpl$fnaninf)
    __fpl_fretinf                            0x08004f7f   Thumb Code    10  fretinf.o(x$fpl$fretinf)
    __aeabi_frsub                            0x08004f89   Thumb Code     0  faddsub_clz.o(x$fpl$frsb)
    _frsb                                    0x08004f89   Thumb Code    20  faddsub_clz.o(x$fpl$frsb)
    __aeabi_fsub                             0x08004f9d   Thumb Code     0  faddsub_clz.o(x$fpl$fsub)
    _fsub                                    0x08004f9d   Thumb Code   234  faddsub_clz.o(x$fpl$fsub)
    __fpl_return_NaN                         0x08005087   Thumb Code   100  retnan.o(x$fpl$retnan)
    __ARM_scalbn                             0x080050eb   Thumb Code    92  scalbn.o(x$fpl$scalbn)
    __fpl_cmpreturn                          0x08005147   Thumb Code    48  trapv.o(x$fpl$trapveneer)
    __I$use$fp                               0x08005176   Number         0  usenofp.o(x$fpl$usenofp)
    Region$$Table$$Base                      0x08005210   Number         0  anon$$obj.o(Region$$Table)
    Region$$Table$$Limit                     0x08005230   Number         0  anon$$obj.o(Region$$Table)
    speed_l                                  0x20000000   Data           2  calculate.o(.data)
    speed_r                                  0x20000002   Data           2  calculate.o(.data)
    speed_need                               0x20000004   Data           2  calculate.o(.data)
    turn_need_r                              0x20000006   Data           2  calculate.o(.data)
    turn_need_l                              0x20000008   Data           2  calculate.o(.data)
    speed_out                                0x2000000a   Data           2  calculate.o(.data)
    stop                                     0x2000000c   Data           1  calculate.o(.data)
    previous_cmd                             0x2000000d   Data           1  calculate.o(.data)
    rout                                     0x20000010   Data           4  calculate.o(.data)
    set_point                                0x20000014   Data           4  calculate.o(.data)
    now_error                                0x20000018   Data           4  calculate.o(.data)
    proportion                               0x2000001c   Data           4  calculate.o(.data)
    integral2                                0x20000020   Data           4  calculate.o(.data)
    derivative                               0x20000024   Data           4  calculate.o(.data)
    derivative2                              0x20000028   Data           4  calculate.o(.data)
    position                                 0x20000030   Data           8  calculate.o(.data)
    speed                                    0x20000038   Data           8  calculate.o(.data)
    Last_direction                           0x20000080   Data           1  hc_sr04.o(.data)
    hcsr04_test_flag                         0x20000084   Data           1  main.o(.data)
    receive_data                             0x20000085   Data           1  main.o(.data)
    flg_get_senor_data                       0x20000086   Data           1  main.o(.data)
    out                                      0x20000087   Data          35  main.o(.data)
    Duoji_direction                          0x200000aa   Data           1  main.o(.data)
    Move_direcetion                          0x200000ab   Data           1  main.o(.data)
    distance                                 0x200000ac   Data           2  main.o(.data)
    pulsewidth                               0x200000b0   Data           4  main.o(.data)
    angle                                    0x200000b4   Data           4  main.o(.data)
    angle_dot                                0x200000b8   Data           4  main.o(.data)
    f_angle                                  0x200000bc   Data           4  main.o(.data)
    f_angle_dot                              0x200000c0   Data           4  main.o(.data)
    temp                                     0x200000c4   Data           2  main.o(.data)
    gx                                       0x200000c6   Data           2  main.o(.data)
    gy                                       0x200000c8   Data           2  main.o(.data)
    gz                                       0x200000ca   Data           2  main.o(.data)
    ax                                       0x200000cc   Data           2  main.o(.data)
    ay                                       0x200000ce   Data           2  main.o(.data)
    az                                       0x200000d0   Data           2  main.o(.data)
    temperature                              0x200000d2   Data           2  main.o(.data)
    succeed_flag                             0x200000d4   Data           1  stm32f10x_it.o(.data)
    time                                     0x200000d6   Data           2  stm32f10x_it.o(.data)
    Error_flag                               0x200000d8   Data           1  stm32f10x_it.o(.data)
    cnt                                      0x200000d9   Data           1  stm32f10x_it.o(.data)
    cnt1                                     0x200000da   Data           1  stm32f10x_it.o(.data)
    led_cnt                                  0x200000dc   Data           2  stm32f10x_it.o(.data)
    duoji_flag                               0x200000de   Data           1  stm32f10x_it.o(.data)
    duoji_cnt                                0x200000df   Data           1  stm32f10x_it.o(.data)
    duoji_pwm                                0x200000e0   Data           1  stm32f10x_it.o(.data)
    SystemCoreClock                          0x200000f8   Data           4  system_stm32f10x.o(.data)
    AHBPrescTable                            0x200000fc   Data          16  system_stm32f10x.o(.data)
    speed_buf                                0x2000010c   Data          40  calculate.o(.bss)
    gx_buf                                   0x20000144   Data          32  main.o(.bss)
    ax_buf                                   0x20000164   Data          32  main.o(.bss)
    ay_buf                                   0x20000184   Data          32  main.o(.bss)
    az_buf                                   0x200001a4   Data          32  main.o(.bss)
    __libspace_start                         0x200001c4   Data          96  libspace.o(.bss)
    __temporary_stack_top$libspace           0x20000224   Data           0  libspace.o(.bss)



==============================================================================

Memory Map of the image

  Image Entry point : 0x08000131

  Load Region LR_IROM1 (Base: 0x08000000, Size: 0x0000533c, Max: 0x00040000, ABSOLUTE)

    Execution Region ER_IROM1 (Exec base: 0x08000000, Load base: 0x08000000, Size: 0x00005230, Max: 0x00040000, ABSOLUTE)

    Exec Addr    Load Addr    Size         Type   Attr      Idx    E Section Name        Object

    0x08000000   0x08000000   0x00000130   Data   RO            3    RESET               startup_stm32f10x_hd.o
    0x08000130   0x08000130   0x00000008   Code   RO          643  * !!!main             c_w.l(__main.o)
    0x08000138   0x08000138   0x00000034   Code   RO          912    !!!scatter          c_w.l(__scatter.o)
    0x0800016c   0x0800016c   0x0000001a   Code   RO          914    !!handler_copy      c_w.l(__scatter_copy.o)
    0x08000186   0x08000186   0x00000002   PAD
    0x08000188   0x08000188   0x0000001c   Code   RO          916    !!handler_zi        c_w.l(__scatter_zi.o)
    0x080001a4   0x080001a4   0x00000002   Code   RO          781    .ARM.Collect$$libinit$$00000000  c_w.l(libinit.o)
    0x080001a6   0x080001a6   0x00000000   Code   RO          787    .ARM.Collect$$libinit$$00000002  c_w.l(libinit2.o)
    0x080001a6   0x080001a6   0x00000000   Code   RO          789    .ARM.Collect$$libinit$$00000004  c_w.l(libinit2.o)
    0x080001a6   0x080001a6   0x00000000   Code   RO          792    .ARM.Collect$$libinit$$0000000A  c_w.l(libinit2.o)
    0x080001a6   0x080001a6   0x00000000   Code   RO          794    .ARM.Collect$$libinit$$0000000C  c_w.l(libinit2.o)
    0x080001a6   0x080001a6   0x00000000   Code   RO          796    .ARM.Collect$$libinit$$0000000E  c_w.l(libinit2.o)
    0x080001a6   0x080001a6   0x00000000   Code   RO          799    .ARM.Collect$$libinit$$00000011  c_w.l(libinit2.o)
    0x080001a6   0x080001a6   0x00000000   Code   RO          801    .ARM.Collect$$libinit$$00000013  c_w.l(libinit2.o)
    0x080001a6   0x080001a6   0x00000000   Code   RO          803    .ARM.Collect$$libinit$$00000015  c_w.l(libinit2.o)
    0x080001a6   0x080001a6   0x00000000   Code   RO          805    .ARM.Collect$$libinit$$00000017  c_w.l(libinit2.o)
    0x080001a6   0x080001a6   0x00000000   Code   RO          807    .ARM.Collect$$libinit$$00000019  c_w.l(libinit2.o)
    0x080001a6   0x080001a6   0x00000000   Code   RO          809    .ARM.Collect$$libinit$$0000001B  c_w.l(libinit2.o)
    0x080001a6   0x080001a6   0x00000000   Code   RO          811    .ARM.Collect$$libinit$$0000001D  c_w.l(libinit2.o)
    0x080001a6   0x080001a6   0x00000000   Code   RO          813    .ARM.Collect$$libinit$$0000001F  c_w.l(libinit2.o)
    0x080001a6   0x080001a6   0x00000000   Code   RO          815    .ARM.Collect$$libinit$$00000021  c_w.l(libinit2.o)
    0x080001a6   0x080001a6   0x00000000   Code   RO          817    .ARM.Collect$$libinit$$00000023  c_w.l(libinit2.o)
    0x080001a6   0x080001a6   0x00000000   Code   RO          819    .ARM.Collect$$libinit$$00000025  c_w.l(libinit2.o)
    0x080001a6   0x080001a6   0x00000000   Code   RO          823    .ARM.Collect$$libinit$$0000002C  c_w.l(libinit2.o)
    0x080001a6   0x080001a6   0x00000000   Code   RO          825    .ARM.Collect$$libinit$$0000002E  c_w.l(libinit2.o)
    0x080001a6   0x080001a6   0x00000000   Code   RO          827    .ARM.Collect$$libinit$$00000030  c_w.l(libinit2.o)
    0x080001a6   0x080001a6   0x00000000   Code   RO          829    .ARM.Collect$$libinit$$00000032  c_w.l(libinit2.o)
    0x080001a6   0x080001a6   0x00000002   Code   RO          830    .ARM.Collect$$libinit$$00000033  c_w.l(libinit2.o)
    0x080001a8   0x080001a8   0x00000002   Code   RO          852    .ARM.Collect$$libshutdown$$00000000  c_w.l(libshutdown.o)
    0x080001aa   0x080001aa   0x00000000   Code   RO          865    .ARM.Collect$$libshutdown$$00000002  c_w.l(libshutdown2.o)
    0x080001aa   0x080001aa   0x00000000   Code   RO          867    .ARM.Collect$$libshutdown$$00000004  c_w.l(libshutdown2.o)
    0x080001aa   0x080001aa   0x00000000   Code   RO          870    .ARM.Collect$$libshutdown$$00000007  c_w.l(libshutdown2.o)
    0x080001aa   0x080001aa   0x00000000   Code   RO          873    .ARM.Collect$$libshutdown$$0000000A  c_w.l(libshutdown2.o)
    0x080001aa   0x080001aa   0x00000000   Code   RO          875    .ARM.Collect$$libshutdown$$0000000C  c_w.l(libshutdown2.o)
    0x080001aa   0x080001aa   0x00000000   Code   RO          878    .ARM.Collect$$libshutdown$$0000000F  c_w.l(libshutdown2.o)
    0x080001aa   0x080001aa   0x00000002   Code   RO          879    .ARM.Collect$$libshutdown$$00000010  c_w.l(libshutdown2.o)
    0x080001ac   0x080001ac   0x00000000   Code   RO          711    .ARM.Collect$$rtentry$$00000000  c_w.l(__rtentry.o)
    0x080001ac   0x080001ac   0x00000000   Code   RO          748    .ARM.Collect$$rtentry$$00000002  c_w.l(__rtentry2.o)
    0x080001ac   0x080001ac   0x00000006   Code   RO          760    .ARM.Collect$$rtentry$$00000004  c_w.l(__rtentry4.o)
    0x080001b2   0x080001b2   0x00000000   Code   RO          750    .ARM.Collect$$rtentry$$00000009  c_w.l(__rtentry2.o)
    0x080001b2   0x080001b2   0x00000004   Code   RO          751    .ARM.Collect$$rtentry$$0000000A  c_w.l(__rtentry2.o)
    0x080001b6   0x080001b6   0x00000000   Code   RO          753    .ARM.Collect$$rtentry$$0000000C  c_w.l(__rtentry2.o)
    0x080001b6   0x080001b6   0x00000008   Code   RO          754    .ARM.Collect$$rtentry$$0000000D  c_w.l(__rtentry2.o)
    0x080001be   0x080001be   0x00000002   Code   RO          784    .ARM.Collect$$rtexit$$00000000  c_w.l(rtexit.o)
    0x080001c0   0x080001c0   0x00000000   Code   RO          834    .ARM.Collect$$rtexit$$00000002  c_w.l(rtexit2.o)
    0x080001c0   0x080001c0   0x00000004   Code   RO          835    .ARM.Collect$$rtexit$$00000003  c_w.l(rtexit2.o)
    0x080001c4   0x080001c4   0x00000006   Code   RO          836    .ARM.Collect$$rtexit$$00000004  c_w.l(rtexit2.o)
    0x080001ca   0x080001ca   0x00000002   PAD
    0x080001cc   0x080001cc   0x00000040   Code   RO            4    .text               startup_stm32f10x_hd.o
    0x0800020c   0x0800020c   0x000007a0   Code   RO           10    .text               calculate.o
    0x080009ac   0x080009ac   0x000000ac   Code   RO           69    .text               delay.o
    0x08000a58   0x08000a58   0x00000248   Code   RO           86    .text               filter.o
    0x08000ca0   0x08000ca0   0x00000034   Code   RO          110    .text               gpio.o
    0x08000cd4   0x08000cd4   0x00000168   Code   RO          125    .text               hc_sr04.o
    0x08000e3c   0x08000e3c   0x000001ac   Code   RO          147    .text               iic.o
    0x08000fe8   0x08000fe8   0x0000032c   Code   RO          165    .text               main.o
    0x08001314   0x08001314   0x00000130   Code   RO          201    .text               mpu6050.o
    0x08001444   0x08001444   0x00000200   Code   RO          213    .text               stm32f10x_it.o
    0x08001644   0x08001644   0x00000080   Code   RO          232    .text               time_test.o
    0x080016c4   0x080016c4   0x00000060   Code   RO          244    .text               timer.o
    0x08001724   0x08001724   0x00000384   Code   RO          256    .text               usart.o
    0x08001aa8   0x08001aa8   0x000000dc   Code   RO          275    .text               misc.o
    0x08001b84   0x08001b84   0x0000011c   Code   RO          407    .text               stm32f10x_exti.o
    0x08001ca0   0x08001ca0   0x0000035c   Code   RO          449    .text               stm32f10x_gpio.o
    0x08001ffc   0x08001ffc   0x00000404   Code   RO          461    .text               stm32f10x_i2c.o
    0x08002400   0x08002400   0x000003a4   Code   RO          503    .text               stm32f10x_rcc.o
    0x080027a4   0x080027a4   0x00000e1a   Code   RO          559    .text               stm32f10x_tim.o
    0x080035be   0x080035be   0x00000002   PAD
    0x080035c0   0x080035c0   0x00000408   Code   RO          571    .text               stm32f10x_usart.o
    0x080039c8   0x080039c8   0x000001e0   Code   RO          608    .text               system_stm32f10x.o
    0x08003ba8   0x08003ba8   0x00000006   Code   RO          641    .text               c_w.l(heapauxi.o)
    0x08003bae   0x08003bae   0x00000016   Code   RO          712    .text               c_w.l(_rserrno.o)
    0x08003bc4   0x08003bc4   0x00000008   Code   RO          765    .text               c_w.l(rt_errno_addr_intlibspace.o)
    0x08003bcc   0x08003bcc   0x00000008   Code   RO          769    .text               c_w.l(libspace.o)
    0x08003bd4   0x08003bd4   0x0000004a   Code   RO          772    .text               c_w.l(sys_stackheap_outer.o)
    0x08003c1e   0x08003c1e   0x00000012   Code   RO          774    .text               c_w.l(exit.o)
    0x08003c30   0x08003c30   0x0000000c   Code   RO          844    .text               c_w.l(sys_exit.o)
    0x08003c3c   0x08003c3c   0x00000002   Code   RO          855    .text               c_w.l(use_no_semi.o)
    0x08003c3e   0x08003c3e   0x00000000   Code   RO          857    .text               c_w.l(indicate_semi.o)
    0x08003c3e   0x08003c3e   0x00000028   Code   RO          743    i.__ARM_fpclassify  m_ws.l(fpclassify.o)
    0x08003c66   0x08003c66   0x000000aa   Code   RO          745    i.__kernel_poly     m_ws.l(poly.o)
    0x08003d10   0x08003d10   0x00000006   Code   RO          730    i.__mathlib_dbl_infnan  m_ws.l(dunder.o)
    0x08003d16   0x08003d16   0x00000002   PAD
    0x08003d18   0x08003d18   0x00000010   Code   RO          735    i.__mathlib_dbl_underflow  m_ws.l(dunder.o)
    0x08003d28   0x08003d28   0x00000220   Code   RO          694    i.atan              m_ws.l(atan.o)
    0x08003f48   0x08003f48   0x0000004c   Code   RO          704    i.sqrt              m_ws.l(sqrt.o)
    0x08003f94   0x08003f94   0x00000062   Code   RO          645    x$fpl$d2f           fz_ws.l(d2f.o)
    0x08003ff6   0x08003ff6   0x00000002   PAD
    0x08003ff8   0x08003ff8   0x00000150   Code   RO          647    x$fpl$dadd          fz_ws.l(daddsub_clz.o)
    0x08004148   0x08004148   0x00000010   Code   RO          767    x$fpl$dcheck1       fz_ws.l(dcheck1.o)
    0x08004158   0x08004158   0x00000018   Code   RO          714    x$fpl$dcmpinf       fz_ws.l(dcmpi.o)
    0x08004170   0x08004170   0x000002b0   Code   RO          654    x$fpl$ddiv          fz_ws.l(ddiv.o)
    0x08004420   0x08004420   0x0000002e   Code   RO          658    x$fpl$dflt          fz_ws.l(dflt_clz.o)
    0x0800444e   0x0800444e   0x00000002   PAD
    0x08004450   0x08004450   0x00000078   Code   RO          663    x$fpl$dleqf         fz_ws.l(dleqf.o)
    0x080044c8   0x080044c8   0x00000154   Code   RO          665    x$fpl$dmul          fz_ws.l(dmul.o)
    0x0800461c   0x0800461c   0x0000009c   Code   RO          716    x$fpl$dnaninf       fz_ws.l(dnaninf.o)
    0x080046b8   0x080046b8   0x0000000c   Code   RO          718    x$fpl$dretinf       fz_ws.l(dretinf.o)
    0x080046c4   0x080046c4   0x0000006c   Code   RO          667    x$fpl$drleqf        fz_ws.l(drleqf.o)
    0x08004730   0x08004730   0x00000016   Code   RO          648    x$fpl$drsb          fz_ws.l(daddsub_clz.o)
    0x08004746   0x08004746   0x00000002   PAD
    0x08004748   0x08004748   0x000001cc   Code   RO          720    x$fpl$dsqrt         fz_ws.l(dsqrt_noumaal.o)
    0x08004914   0x08004914   0x000001d4   Code   RO          649    x$fpl$dsub          fz_ws.l(daddsub_clz.o)
    0x08004ae8   0x08004ae8   0x00000056   Code   RO          669    x$fpl$f2d           fz_ws.l(f2d.o)
    0x08004b3e   0x08004b3e   0x00000002   PAD
    0x08004b40   0x08004b40   0x000000c4   Code   RO          671    x$fpl$fadd          fz_ws.l(faddsub_clz.o)
    0x08004c04   0x08004c04   0x00000184   Code   RO          678    x$fpl$fdiv          fz_ws.l(fdiv.o)
    0x08004d88   0x08004d88   0x00000036   Code   RO          681    x$fpl$ffix          fz_ws.l(ffix.o)
    0x08004dbe   0x08004dbe   0x00000002   PAD
    0x08004dc0   0x08004dc0   0x00000030   Code   RO          686    x$fpl$fflt          fz_ws.l(fflt_clz.o)
    0x08004df0   0x08004df0   0x00000102   Code   RO          691    x$fpl$fmul          fz_ws.l(fmul.o)
    0x08004ef2   0x08004ef2   0x0000008c   Code   RO          722    x$fpl$fnaninf       fz_ws.l(fnaninf.o)
    0x08004f7e   0x08004f7e   0x0000000a   Code   RO          724    x$fpl$fretinf       fz_ws.l(fretinf.o)
    0x08004f88   0x08004f88   0x00000014   Code   RO          672    x$fpl$frsb          fz_ws.l(faddsub_clz.o)
    0x08004f9c   0x08004f9c   0x000000ea   Code   RO          673    x$fpl$fsub          fz_ws.l(faddsub_clz.o)
    0x08005086   0x08005086   0x00000064   Code   RO          782    x$fpl$retnan        fz_ws.l(retnan.o)
    0x080050ea   0x080050ea   0x0000005c   Code   RO          726    x$fpl$scalbn        fz_ws.l(scalbn.o)
    0x08005146   0x08005146   0x00000030   Code   RO          831    x$fpl$trapveneer    fz_ws.l(trapv.o)
    0x08005176   0x08005176   0x00000000   Code   RO          728    x$fpl$usenofp       fz_ws.l(usenofp.o)
    0x08005176   0x08005176   0x00000002   PAD
    0x08005178   0x08005178   0x00000098   Data   RO          695    .constdata          m_ws.l(atan.o)
    0x08005210   0x08005210   0x00000020   Data   RO          910    Region$$Table       anon$$obj.o


    Execution Region RW_IRAM1 (Exec base: 0x20000000, Load base: 0x08005230, Size: 0x00000828, Max: 0x0000c000, ABSOLUTE)

    Exec Addr    Load Addr    Size         Type   Attr      Idx    E Section Name        Object

    0x20000000   0x08005230   0x00000040   Data   RW           12    .data               calculate.o
    0x20000040   0x08005270   0x00000004   Data   RW           70    .data               delay.o
    0x20000044   0x08005274   0x0000003c   Data   RW           89    .data               filter.o
    0x20000080   0x080052b0   0x00000001   Data   RW          126    .data               hc_sr04.o
    0x20000081   0x080052b1   0x00000003   PAD
    0x20000084   0x080052b4   0x00000050   Data   RW          167    .data               main.o
    0x200000d4   0x08005304   0x0000000d   Data   RW          214    .data               stm32f10x_it.o
    0x200000e1   0x08005311   0x00000014   Data   RW          504    .data               stm32f10x_rcc.o
    0x200000f5   0x08005325   0x00000003   PAD
    0x200000f8   0x08005328   0x00000014   Data   RW          609    .data               system_stm32f10x.o
    0x2000010c        -       0x00000028   Zero   RW           11    .bss                calculate.o
    0x20000134        -       0x00000010   Zero   RW           87    .bss                filter.o
    0x20000144        -       0x00000080   Zero   RW          166    .bss                main.o
    0x200001c4        -       0x00000060   Zero   RW          770    .bss                c_w.l(libspace.o)
    0x20000224   0x0800533c   0x00000004   PAD
    0x20000228        -       0x00000200   Zero   RW            2    HEAP                startup_stm32f10x_hd.o
    0x20000428        -       0x00000400   Zero   RW            1    STACK               startup_stm32f10x_hd.o


==============================================================================

Image component sizes


      Code (inc. data)   RO Data    RW Data    ZI Data      Debug   Object Name

      1952        194          0         64         40     258021   calculate.o
       172          8          0          4          0        995   delay.o
       584         60          0         60         16       1596   filter.o
        52          4          0          0          0        436   gpio.o
       360         24          0          1          0       1188   hc_sr04.o
       428         22          0          0          0       9386   iic.o
       812        186          0         80        128       2947   main.o
       220         22          0          0          0       1685   misc.o
       304          0          0          0          0       1468   mpu6050.o
        64         26        304          0       1536        816   startup_stm32f10x_hd.o
       284         10          0          0          0       2139   stm32f10x_exti.o
       860         38          0          0          0       5617   stm32f10x_gpio.o
      1028         16          0          0          0       9107   stm32f10x_i2c.o
       512         78          0         13          0       2427   stm32f10x_it.o
       932         36          0         20          0       8752   stm32f10x_rcc.o
      3610         88          0          0          0      22724   stm32f10x_tim.o
      1032         22          0          0          0       8340   stm32f10x_usart.o
       480         38          0         20          0       1691   system_stm32f10x.o
       128          6          0          0          0        681   time_test.o
        96          6          0          0          0        505   timer.o
       900         12          0          0          0       5536   usart.o

    ----------------------------------------------------------------------
     14812        896        336        268       1720     346057   Object Totals
         0          0         32          0          0          0   (incl. Generated)
         2          0          0          6          0          0   (incl. Padding)

    ----------------------------------------------------------------------

      Code (inc. data)   RO Data    RW Data    ZI Data      Debug   Library Member Name

         8          0          0          0          0         68   __main.o
         0          0          0          0          0          0   __rtentry.o
        12          0          0          0          0          0   __rtentry2.o
         6          0          0          0          0          0   __rtentry4.o
        52          8          0          0          0          0   __scatter.o
        26          0          0          0          0          0   __scatter_copy.o
        28          0          0          0          0          0   __scatter_zi.o
        22          0          0          0          0        100   _rserrno.o
        18          0          0          0          0         80   exit.o
         6          0          0          0          0        152   heapauxi.o
         0          0          0          0          0          0   indicate_semi.o
         2          0          0          0          0          0   libinit.o
         2          0          0          0          0          0   libinit2.o
         2          0          0          0          0          0   libshutdown.o
         2          0          0          0          0          0   libshutdown2.o
         8          4          0          0         96         68   libspace.o
         8          4          0          0          0         68   rt_errno_addr_intlibspace.o
         2          0          0          0          0          0   rtexit.o
        10          0          0          0          0          0   rtexit2.o
        12          4          0          0          0         68   sys_exit.o
        74          0          0          0          0         80   sys_stackheap_outer.o
         2          0          0          0          0         68   use_no_semi.o
        98          4          0          0          0         92   d2f.o
       826         16          0          0          0        348   daddsub_clz.o
        16          4          0          0          0         68   dcheck1.o
        24          0          0          0          0         68   dcmpi.o
       688        140          0          0          0        208   ddiv.o
        46          0          0          0          0         68   dflt_clz.o
       120          4          0          0          0         92   dleqf.o
       340         12          0          0          0        104   dmul.o
       156          4          0          0          0         92   dnaninf.o
        12          0          0          0          0         68   dretinf.o
       108          0          0          0          0         80   drleqf.o
       460         56          0          0          0        120   dsqrt_noumaal.o
        86          4          0          0          0         84   f2d.o
       450          8          0          0          0        236   faddsub_clz.o
       388         76          0          0          0         96   fdiv.o
        54          4          0          0          0         84   ffix.o
        48          0          0          0          0         68   fflt_clz.o
       258          4          0          0          0         84   fmul.o
       140          4          0          0          0         84   fnaninf.o
        10          0          0          0          0         68   fretinf.o
       100          0          0          0          0         68   retnan.o
        92          0          0          0          0         68   scalbn.o
        48          0          0          0          0         68   trapv.o
         0          0          0          0          0          0   usenofp.o
       544         70        152          0          0        124   atan.o
        22          6          0          0          0        136   dunder.o
        40          0          0          0          0         68   fpclassify.o
       170          0          0          0          0         96   poly.o
        76          0          0          0          0         84   sqrt.o

    ----------------------------------------------------------------------
      5740        436        152          0        100       3676   Library Totals
        18          0          0          0          4          0   (incl. Padding)

    ----------------------------------------------------------------------

      Code (inc. data)   RO Data    RW Data    ZI Data      Debug   Library Name

       302         20          0          0         96        752   c_w.l
      4568        340          0          0          0       2416   fz_ws.l
       852         76        152          0          0        508   m_ws.l

    ----------------------------------------------------------------------
      5740        436        152          0        100       3676   Library Totals

    ----------------------------------------------------------------------

==============================================================================


      Code (inc. data)   RO Data    RW Data    ZI Data      Debug   

     20552       1332        488        268       1820     346141   Grand Totals
     20552       1332        488        268       1820     346141   ELF Image Totals
     20552       1332        488        268          0          0   ROM Totals

==============================================================================

    Total RO  Size (Code + RO Data)                21040 (  20.55kB)
    Total RW  Size (RW Data + ZI Data)              2088 (   2.04kB)
    Total ROM Size (Code + RO Data + RW Data)      21308 (  20.81kB)

==============================================================================

